Archive member included to satisfy reference by file (symbol)

/Applications/ArmGNUToolchain/14.3.rel1/arm-none-eabi/bin/../lib/gcc/arm-none-eabi/14.3.1/thumb/v7e-m+fp/hard/libgcc.a(_aeabi_uldivmod.o)
                              cmake/stm32cubemx/CMakeFiles/STM32_Drivers.dir/__/__/Drivers/STM32F4xx_HAL_Driver/Src/stm32f4xx_hal_rcc.c.obj (__aeabi_uldivmod)
/Applications/ArmGNUToolchain/14.3.rel1/arm-none-eabi/bin/../lib/gcc/arm-none-eabi/14.3.1/thumb/v7e-m+fp/hard/libgcc.a(_udivmoddi4.o)
                              /Applications/ArmGNUToolchain/14.3.rel1/arm-none-eabi/bin/../lib/gcc/arm-none-eabi/14.3.1/thumb/v7e-m+fp/hard/libgcc.a(_aeabi_uldivmod.o) (__udivmoddi4)
/Applications/ArmGNUToolchain/14.3.rel1/arm-none-eabi/bin/../lib/gcc/arm-none-eabi/14.3.1/thumb/v7e-m+fp/hard/libgcc.a(_dvmd_tls.o)
                              /Applications/ArmGNUToolchain/14.3.rel1/arm-none-eabi/bin/../lib/gcc/arm-none-eabi/14.3.1/thumb/v7e-m+fp/hard/libgcc.a(_aeabi_uldivmod.o) (__aeabi_ldiv0)
/Applications/ArmGNUToolchain/14.3.rel1/arm-none-eabi/bin/../lib/gcc/arm-none-eabi/14.3.1/../../../../arm-none-eabi/lib/thumb/v7e-m+fp/hard/libg_nano.a(libc_a-exit.o)
                              /Applications/ArmGNUToolchain/14.3.rel1/arm-none-eabi/bin/../lib/gcc/arm-none-eabi/14.3.1/../../../../arm-none-eabi/lib/thumb/v7e-m+fp/hard/crt0.o (exit)
/Applications/ArmGNUToolchain/14.3.rel1/arm-none-eabi/bin/../lib/gcc/arm-none-eabi/14.3.1/../../../../arm-none-eabi/lib/thumb/v7e-m+fp/hard/libg_nano.a(libc_a-findfp.o)
                              /Applications/ArmGNUToolchain/14.3.rel1/arm-none-eabi/bin/../lib/gcc/arm-none-eabi/14.3.1/../../../../arm-none-eabi/lib/thumb/v7e-m+fp/hard/libg_nano.a(libc_a-exit.o) (__stdio_exit_handler)
/Applications/ArmGNUToolchain/14.3.rel1/arm-none-eabi/bin/../lib/gcc/arm-none-eabi/14.3.1/../../../../arm-none-eabi/lib/thumb/v7e-m+fp/hard/libg_nano.a(libc_a-fwalk.o)
                              /Applications/ArmGNUToolchain/14.3.rel1/arm-none-eabi/bin/../lib/gcc/arm-none-eabi/14.3.1/../../../../arm-none-eabi/lib/thumb/v7e-m+fp/hard/libg_nano.a(libc_a-findfp.o) (_fwalk_sglue)
/Applications/ArmGNUToolchain/14.3.rel1/arm-none-eabi/bin/../lib/gcc/arm-none-eabi/14.3.1/../../../../arm-none-eabi/lib/thumb/v7e-m+fp/hard/libg_nano.a(libc_a-memset.o)
                              /Applications/ArmGNUToolchain/14.3.rel1/arm-none-eabi/bin/../lib/gcc/arm-none-eabi/14.3.1/../../../../arm-none-eabi/lib/thumb/v7e-m+fp/hard/crt0.o (memset)
/Applications/ArmGNUToolchain/14.3.rel1/arm-none-eabi/bin/../lib/gcc/arm-none-eabi/14.3.1/../../../../arm-none-eabi/lib/thumb/v7e-m+fp/hard/libg_nano.a(libc_a-errno.o)
                              CMakeFiles/SARP_SRAD_Flight_Computer.dir/Core/Src/sysmem.c.obj (__errno)
/Applications/ArmGNUToolchain/14.3.rel1/arm-none-eabi/bin/../lib/gcc/arm-none-eabi/14.3.1/../../../../arm-none-eabi/lib/thumb/v7e-m+fp/hard/libg_nano.a(libc_a-init.o)
                              /Applications/ArmGNUToolchain/14.3.rel1/arm-none-eabi/bin/../lib/gcc/arm-none-eabi/14.3.1/../../../../arm-none-eabi/lib/thumb/v7e-m+fp/hard/crt0.o (__libc_init_array)
/Applications/ArmGNUToolchain/14.3.rel1/arm-none-eabi/bin/../lib/gcc/arm-none-eabi/14.3.1/../../../../arm-none-eabi/lib/thumb/v7e-m+fp/hard/libg_nano.a(libc_a-lock.o)
                              /Applications/ArmGNUToolchain/14.3.rel1/arm-none-eabi/bin/../lib/gcc/arm-none-eabi/14.3.1/../../../../arm-none-eabi/lib/thumb/v7e-m+fp/hard/libg_nano.a(libc_a-findfp.o) (__retarget_lock_init_recursive)
/Applications/ArmGNUToolchain/14.3.rel1/arm-none-eabi/bin/../lib/gcc/arm-none-eabi/14.3.1/../../../../arm-none-eabi/lib/thumb/v7e-m+fp/hard/libg_nano.a(libc_a-impure.o)
                              /Applications/ArmGNUToolchain/14.3.rel1/arm-none-eabi/bin/../lib/gcc/arm-none-eabi/14.3.1/../../../../arm-none-eabi/lib/thumb/v7e-m+fp/hard/libg_nano.a(libc_a-errno.o) (_impure_ptr)
/Applications/ArmGNUToolchain/14.3.rel1/arm-none-eabi/bin/../lib/gcc/arm-none-eabi/14.3.1/../../../../arm-none-eabi/lib/thumb/v7e-m+fp/hard/libg_nano.a(libc_a-mallocr.o)
                              /Applications/ArmGNUToolchain/14.3.rel1/arm-none-eabi/bin/../lib/gcc/arm-none-eabi/14.3.1/../../../../arm-none-eabi/lib/thumb/v7e-m+fp/hard/libg_nano.a(libc_a-findfp.o) (_malloc_r)
/Applications/ArmGNUToolchain/14.3.rel1/arm-none-eabi/bin/../lib/gcc/arm-none-eabi/14.3.1/../../../../arm-none-eabi/lib/thumb/v7e-m+fp/hard/libg_nano.a(libc_a-fflush.o)
                              /Applications/ArmGNUToolchain/14.3.rel1/arm-none-eabi/bin/../lib/gcc/arm-none-eabi/14.3.1/../../../../arm-none-eabi/lib/thumb/v7e-m+fp/hard/libg_nano.a(libc_a-findfp.o) (_fflush_r)
/Applications/ArmGNUToolchain/14.3.rel1/arm-none-eabi/bin/../lib/gcc/arm-none-eabi/14.3.1/../../../../arm-none-eabi/lib/thumb/v7e-m+fp/hard/libg_nano.a(libc_a-mlock.o)
[...]
Memory Configuration

Name             Origin             Length             Attributes
RAM              0x20000000         0x00020000         xrw
FLASH            0x08000000         0x00080000         xr
*default*        0x00000000         0xffffffff

Linker script and memory map

LOAD /Applications/ArmGNUToolchain/14.3.rel1/arm-none-eabi/bin/../lib/gcc/arm-none-eabi/14.3.1/thumb/v7e-m+fp/hard/crti.o
LOAD /Applications/ArmGNUToolchain/14.3.rel1/arm-none-eabi/bin/../lib/gcc/arm-none-eabi/14.3.1/thumb/v7e-m+fp/hard/crtbegin.o
LOAD /Applications/ArmGNUToolchain/14.3.rel1/arm-none-eabi/bin/../lib/gcc/arm-none-eabi/14.3.1/../../../../arm-none-eabi/lib/thumb/v7e-m+fp/hard/crt0.o
LOAD cmake/stm32cubemx/CMakeFiles/STM32_Drivers.dir/__/__/Core/Src/system_stm32f4xx.c.obj
LOAD cmake/stm32cubemx/CMakeFiles/STM32_Drivers.dir/__/__/Drivers/STM32F4xx_HAL_Driver/Src/stm32f4xx_hal_pcd.c.obj
LOAD cmake/stm32cubemx/CMakeFiles/STM32_Drivers.dir/__/__/Drivers/STM32F4xx_HAL_Driver/Src/stm32f4xx_hal_pcd_ex.c.obj
LOAD cmake/stm32cubemx/CMakeFiles/STM32_Drivers.dir/__/__/Drivers/STM32F4xx_HAL_Driver/Src/stm32f4xx_ll_usb.c.obj
LOAD cmake/stm32cubemx/CMakeFiles/STM32_Drivers.dir/__/__/Drivers/STM32F4xx_HAL_Driver/Src/stm32f4xx_hal_rcc.c.obj
LOAD cmake/stm32cubemx/CMakeFiles/STM32_Drivers.dir/__/__/Drivers/STM32F4xx_HAL_Driver/Src/stm32f4xx_hal_rcc_ex.c.obj
LOAD cmake/stm32cubemx/CMakeFiles/STM32_Drivers.dir/__/__/Drivers/STM32F4xx_HAL_Driver/Src/stm32f4xx_hal_flash.c.obj
LOAD cmake/stm32cubemx/CMakeFiles/STM32_Drivers.dir/__/__/Drivers/STM32F4xx_HAL_Driver/Src/stm32f4xx_hal_flash_ex.c.obj
LOAD cmake/stm32cubemx/CMakeFiles/STM32_Drivers.dir/__/__/Drivers/STM32F4xx_HAL_Driver/Src/stm32f4xx_hal_flash_ramfunc.c.obj
LOAD cmake/stm32cubemx/CMakeFiles/STM32_Drivers.dir/__/__/Drivers/STM32F4xx_HAL_Driver/Src/stm32f4xx_hal_gpio.c.obj
LOAD cmake/stm32cubemx/CMakeFiles/STM32_Drivers.dir/__/__/Drivers/STM32F4xx_HAL_Driver/Src/stm32f4xx_hal_dma_ex.c.obj
LOAD cmake/stm32cubemx/CMakeFiles/STM32_Drivers.dir/__/__/Drivers/STM32F4xx_HAL_Driver/Src/stm32f4xx_hal_dma.c.obj
LOAD cmake/stm32cubemx/CMakeFiles/STM32_Drivers.dir/__/__/Drivers/STM32F4xx_HAL_Driver/Src/stm32f4xx_hal_pwr.c.obj
LOAD cmake/stm32cubemx/CMakeFiles/STM32_Drivers.dir/__/__/Drivers/STM32F4xx_HAL_Driver/Src/stm32f4xx_hal_pwr_ex.c.obj
LOAD cmake/stm32cubemx/CMakeFiles/STM32_Drivers.dir/__/__/Drivers/STM32F4xx_HAL_Driver/Src/stm32f4xx_hal_cortex.c.obj
LOAD cmake/stm32cubemx/CMakeFiles/STM32_Drivers.dir/__/__/Drivers/STM32F4xx_HAL_Driver/Src/stm32f4xx_hal.c.obj
LOAD cmake/stm32cubemx/CMakeFiles/STM32_Drivers.dir/__/__/Drivers/STM32F4xx_HAL_Driver/Src/stm32f4xx_hal_exti.c.obj
LOAD cmake/stm32cubemx/CMakeFiles/STM32_Drivers.dir/__/__/Drivers/STM32F4xx_HAL_Driver/Src/stm32f4xx_hal_spi.c.obj
LOAD cmake/stm32cubemx/CMakeFiles/STM32_Drivers.dir/__/__/Drivers/STM32F4xx_HAL_Driver/Src/stm32f4xx_hal_tim.c.obj
LOAD cmake/stm32cubemx/CMakeFiles/STM32_Drivers.dir/__/__/Drivers/STM32F4xx_HAL_Driver/Src/stm32f4xx_hal_tim_ex.c.obj
LOAD cmake/stm32cubemx/CMakeFiles/USB_Device_Library.dir/__/__/Middlewares/ST/STM32_USB_Device_Library/Core/Src/usbd_core.c.obj
LOAD cmake/stm32cubemx/CMakeFiles/USB_Device_Library.dir/__/__/Middlewares/ST/STM32_USB_Device_Library/Core/Src/usbd_ctlreq.c.obj
LOAD cmake/stm32cubemx/CMakeFiles/USB_Device_Library.dir/__/__/Middlewares/ST/STM32_USB_Device_Library/Core/Src/usbd_ioreq.c.obj
LOAD cmake/stm32cubemx/CMakeFiles/USB_Device_Library.dir/__/__/Middlewares/ST/STM32_USB_Device_Library/Class/CDC/Src/usbd_cdc.c.obj
LOAD CMakeFiles/SARP_SRAD_Flight_Computer.dir/App/Utils/Src/estimate_altitude.c.obj
LOAD CMakeFiles/SARP_SRAD_Flight_Computer.dir/App/Sensors/Src/ms5611.c.obj
LOAD CMakeFiles/SARP_SRAD_Flight_Computer.dir/App/Sensors/Src/bmi088.c.obj
LOAD CMakeFiles/SARP_SRAD_Flight_Computer.dir/USB_DEVICE/Target/usbd_conf.c.obj
LOAD CMakeFiles/SARP_SRAD_Flight_Computer.dir/USB_DEVICE/App/usb_device.c.obj
LOAD CMakeFiles/SARP_SRAD_Flight_Computer.dir/USB_DEVICE/App/usbd_desc.c.obj
LOAD CMakeFiles/SARP_SRAD_Flight_Computer.dir/USB_DEVICE/App/usbd_cdc_if.c.obj
LOAD CMakeFiles/SARP_SRAD_Flight_Computer.dir/Core/Src/main.c.obj
LOAD CMakeFiles/SARP_SRAD_Flight_Computer.dir/Core/Src/gpio.c.obj
LOAD CMakeFiles/SARP_SRAD_Flight_Computer.dir/Core/Src/spi.c.obj
LOAD CMakeFiles/SARP_SRAD_Flight_Computer.dir/Core/Src/tim.c.obj
LOAD CMakeFiles/SARP_SRAD_Flight_Computer.dir/Core/Src/stm32f4xx_it.c.obj
LOAD CMakeFiles/SARP_SRAD_Flight_Computer.dir/Core/Src/stm32f4xx_hal_msp.c.obj
LOAD CMakeFiles/SARP_SRAD_Flight_Computer.dir/Core/Src/sysmem.c.obj
LOAD CMakeFiles/SARP_SRAD_Flight_Computer.dir/Core/Src/syscalls.c.obj
LOAD CMakeFiles/SARP_SRAD_Flight_Computer.dir/startup_stm32f411xe.s.obj
LOAD /Applications/ArmGNUToolchain/14.3.rel1/arm-none-eabi/bin/../lib/gcc/arm-none-eabi/14.3.1/../../../../arm-none-eabi/lib/thumb/v7e-m+fp/hard/libm.a
START GROUP
LOAD /Applications/ArmGNUToolchain/14.3.rel1/arm-none-eabi/bin/../lib/gcc/arm-none-eabi/14.3.1/thumb/v7e-m+fp/hard/libgcc.a
LOAD /Applications/ArmGNUToolchain/14.3.rel1/arm-none-eabi/bin/../lib/gcc/arm-none-eabi/14.3.1/../../../../arm-none-eabi/lib/thumb/v7e-m+fp/hard/libg_nano.a
LOAD /Applications/ArmGNUToolchain/14.3.rel1/arm-none-eabi/bin/../lib/gcc/arm-none-eabi/14.3.1/../../../../arm-none-eabi/lib/thumb/v7e-m+fp/hard/libc_nano.a
END GROUP
START GROUP
LOAD /Applications/ArmGNUToolchain/14.3.rel1/arm-none-eabi/bin/../lib/gcc/arm-none-eabi/14.3.1/thumb/v7e-m+fp/hard/libgcc.a
LOAD /Applications/ArmGNUToolchain/14.3.rel1/arm-none-eabi/bin/../lib/gcc/arm-none-eabi/14.3.1/../../../../arm-none-eabi/lib/thumb/v7e-m+fp/hard/libc_nano.a
END GROUP
LOAD /Applications/ArmGNUToolchain/14.3.rel1/arm-none-eabi/bin/../lib/gcc/arm-none-eabi/14.3.1/thumb/v7e-m+fp/hard/crtend.o
LOAD /Applications/ArmGNUToolchain/14.3.rel1/arm-none-eabi/bin/../lib/gcc/arm-none-eabi/14.3.1/thumb/v7e-m+fp/hard/crtn.o
                0x20020000                        _estack = (ORIGIN (RAM) + LENGTH (RAM))
                0x2001fc00                        _sstack = (_estack - _Min_Stack_Size)
                0x00000200                        _Min_Heap_Size = 0x200
                0x00000400                        _Min_Stack_Size = 0x400

.isr_vector     0x08000000      0x198
                0x08000000                        . = ALIGN (0x4)
 *(.isr_vector)
 .isr_vector    0x08000000      0x198 CMakeFiles/SARP_SRAD_Flight_Computer.dir/startup_stm32f411xe.s.obj
                0x08000000                g_pfnVectors
                0x08000198                        . = ALIGN (0x4)

.text           0x08000198     0x796c
                0x08000198                        . = ALIGN (0x4)
 *(.text)
 .text          0x08000198       0x30 /Applications/ArmGNUToolchain/14.3.rel1/arm-none-eabi/bin/../lib/gcc/arm-none-eabi/14.3.1/thumb/v7e-m+fp/hard/libgcc.a(_aeabi_uldivmod.o)
                0x08000198                __aeabi_uldivmod
 .text          0x080001c8        0x4 /Applications/ArmGNUToolchain/14.3.rel1/arm-none-eabi/bin/../lib/gcc/arm-none-eabi/14.3.1/thumb/v7e-m+fp/hard/libgcc.a(_dvmd_tls.o)
                0x080001c8                __aeabi_ldiv0
                0x080001c8                __aeabi_idiv0
 *(.text*)
 .text.deregister_tm_clones
                0x080001cc       0x1c /Applications/ArmGNUToolchain/14.3.rel1/arm-none-eabi/bin/../lib/gcc/arm-none-eabi/14.3.1/thumb/v7e-m+fp/hard/crtbegin.o
 .text.register_tm_clones
                0x080001e8       0x24 /Applications/ArmGNUToolchain/14.3.rel1/arm-none-eabi/bin/../lib/gcc/arm-none-eabi/14.3.1/thumb/v7e-m+fp/hard/crtbegin.o
 .text.__do_global_dtors_aux
                0x0800020c       0x28 /Applications/ArmGNUToolchain/14.3.rel1/arm-none-eabi/bin/../lib/gcc/arm-none-eabi/14.3.1/thumb/v7e-m+fp/hard/crtbegin.o
 .text.frame_dummy
                0x08000234       0x24 /Applications/ArmGNUToolchain/14.3.rel1/arm-none-eabi/bin/../lib/gcc/arm-none-eabi/14.3.1/thumb/v7e-m+fp/hard/crtbegin.o
 .text.SystemInit
                0x08000258       0x24 cmake/stm32cubemx/CMakeFiles/STM32_Drivers.dir/__/__/Core/Src/system_stm32f4xx.c.obj
                0x08000258                SystemInit
 .text.HAL_PCD_Init
                0x0800027c      0x21e cmake/stm32cubemx/CMakeFiles/STM32_Drivers.dir/__/__/Drivers/STM32F4xx_HAL_Driver/Src/stm32f4xx_hal_pcd.c.obj
                0x0800027c                HAL_PCD_Init
 .text.HAL_PCD_Start
                0x0800049a       0x6a cmake/stm32cubemx/CMakeFiles/STM32_Drivers.dir/__/__/Drivers/STM32F4xx_HAL_Driver/Src/stm32f4xx_hal_pcd.c.obj
                0x0800049a                HAL_PCD_Start
 .text.HAL_PCD_IRQHandler
                0x08000504      0x942 cmake/stm32cubemx/CMakeFiles/STM32_Drivers.dir/__/__/Drivers/STM32F4xx_HAL_Driver/Src/stm32f4xx_hal_pcd.c.obj
                0x08000504                HAL_PCD_IRQHandler
 .text.HAL_PCD_SetAddress
                0x08000e46       0x48 cmake/stm32cubemx/CMakeFiles/STM32_Drivers.dir/__/__/Drivers/STM32F4xx_HAL_Driver/Src/stm32f4xx_hal_pcd.c.obj
                0x08000e46                HAL_PCD_SetAddress
 .text.HAL_PCD_EP_Open
                0x08000e8e       0xd4 cmake/stm32cubemx/CMakeFiles/STM32_Drivers.dir/__/__/Drivers/STM32F4xx_HAL_Driver/Src/stm32f4xx_hal_pcd.c.obj
                0x08000e8e                HAL_PCD_EP_Open
 .text.HAL_PCD_EP_Close
                0x08000f62       0x94 cmake/stm32cubemx/CMakeFiles/STM32_Drivers.dir/__/__/Drivers/STM32F4xx_HAL_Driver/Src/stm32f4xx_hal_pcd.c.obj
                0x08000f62                HAL_PCD_EP_Close
 .text.HAL_PCD_EP_Receive
                0x08000ff6       0x76 cmake/stm32cubemx/CMakeFiles/STM32_Drivers.dir/__/__/Drivers/STM32F4xx_HAL_Driver/Src/stm32f4xx_hal_pcd.c.obj
                0x08000ff6                HAL_PCD_EP_Receive
 .text.HAL_PCD_EP_GetRxCount
                0x0800106c       0x30 cmake/stm32cubemx/CMakeFiles/STM32_Drivers.dir/__/__/Drivers/STM32F4xx_HAL_Driver/Src/stm32f4xx_hal_pcd.c.obj
                0x0800106c                HAL_PCD_EP_GetRxCount
 .text.HAL_PCD_EP_Transmit
                0x0800109c       0x74 cmake/stm32cubemx/CMakeFiles/STM32_Drivers.dir/__/__/Drivers/STM32F4xx_HAL_Driver/Src/stm32f4xx_hal_pcd.c.obj
                0x0800109c                HAL_PCD_EP_Transmit
 .text.HAL_PCD_EP_SetStall
                0x08001110       0xc6 cmake/stm32cubemx/CMakeFiles/STM32_Drivers.dir/__/__/Drivers/STM32F4xx_HAL_Driver/Src/stm32f4xx_hal_pcd.c.obj
                0x08001110                HAL_PCD_EP_SetStall
 .text.HAL_PCD_EP_ClrStall
                0x080011d6       0xac cmake/stm32cubemx/CMakeFiles/STM32_Drivers.dir/__/__/Drivers/STM32F4xx_HAL_Driver/Src/stm32f4xx_hal_pcd.c.obj
                0x080011d6                HAL_PCD_EP_ClrStall
 .text.HAL_PCD_EP_Abort
                0x08001282       0x62 cmake/stm32cubemx/CMakeFiles/STM32_Drivers.dir/__/__/Drivers/STM32F4xx_HAL_Driver/Src/stm32f4xx_hal_pcd.c.obj
                0x08001282                HAL_PCD_EP_Abort
 .text.PCD_WriteEmptyTxFifo
                0x080012e4      0x118 cmake/stm32cubemx/CMakeFiles/STM32_Drivers.dir/__/__/Drivers/STM32F4xx_HAL_Driver/Src/stm32f4xx_hal_pcd.c.obj
 .text.PCD_EP_OutXfrComplete_int
                0x080013fc      0x1d0 cmake/stm32cubemx/CMakeFiles/STM32_Drivers.dir/__/__/Drivers/STM32F4xx_HAL_Driver/Src/stm32f4xx_hal_pcd.c.obj
 .text.PCD_EP_OutSetupPacket_int
                0x080015cc       0x8c cmake/stm32cubemx/CMakeFiles/STM32_Drivers.dir/__/__/Drivers/STM32F4xx_HAL_Driver/Src/stm32f4xx_hal_pcd.c.obj
 .text.HAL_PCDEx_SetTxFiFo
                0x08001658       0x8e cmake/stm32cubemx/CMakeFiles/STM32_Drivers.dir/__/__/Drivers/STM32F4xx_HAL_Driver/Src/stm32f4xx_hal_pcd_ex.c.obj
                0x08001658                HAL_PCDEx_SetTxFiFo
 .text.HAL_PCDEx_SetRxFiFo
                0x080016e6       0x22 cmake/stm32cubemx/CMakeFiles/STM32_Drivers.dir/__/__/Drivers/STM32F4xx_HAL_Driver/Src/stm32f4xx_hal_pcd_ex.c.obj
                0x080016e6                HAL_PCDEx_SetRxFiFo
 .text.HAL_PCDEx_LPM_Callback
                0x08001708       0x18 cmake/stm32cubemx/CMakeFiles/STM32_Drivers.dir/__/__/Drivers/STM32F4xx_HAL_Driver/Src/stm32f4xx_hal_pcd_ex.c.obj
                0x08001708                HAL_PCDEx_LPM_Callback
 .text.USB_CoreInit
                0x08001720       0xc8 cmake/stm32cubemx/CMakeFiles/STM32_Drivers.dir/__/__/Drivers/STM32F4xx_HAL_Driver/Src/stm32f4xx_ll_usb.c.obj
                0x08001720                USB_CoreInit
 .text.USB_SetTurnaroundTime
                0x080017e8      0x144 cmake/stm32cubemx/CMakeFiles/STM32_Drivers.dir/__/__/Drivers/STM32F4xx_HAL_Driver/Src/stm32f4xx_ll_usb.c.obj
                0x080017e8                USB_SetTurnaroundTime
 .text.USB_EnableGlobalInt
                0x0800192c       0x22 cmake/stm32cubemx/CMakeFiles/STM32_Drivers.dir/__/__/Drivers/STM32F4xx_HAL_Driver/Src/stm32f4xx_ll_usb.c.obj
                0x0800192c                USB_EnableGlobalInt
 .text.USB_DisableGlobalInt
                0x0800194e       0x22 cmake/stm32cubemx/CMakeFiles/STM32_Drivers.dir/__/__/Drivers/STM32F4xx_HAL_Driver/Src/stm32f4xx_ll_usb.c.obj
                0x0800194e                USB_DisableGlobalInt
 .text.USB_SetCurrentMode
                0x08001970       0x98 cmake/stm32cubemx/CMakeFiles/STM32_Drivers.dir/__/__/Drivers/STM32F4xx_HAL_Driver/Src/stm32f4xx_ll_usb.c.obj
                0x08001970                USB_SetCurrentMode
 .text.USB_DevInit
                0x08001a08      0x2c8 cmake/stm32cubemx/CMakeFiles/STM32_Drivers.dir/__/__/Drivers/STM32F4xx_HAL_Driver/Src/stm32f4xx_ll_usb.c.obj
                0x08001a08                USB_DevInit
 .text.USB_FlushTxFifo
                0x08001cd0       0x64 cmake/stm32cubemx/CMakeFiles/STM32_Drivers.dir/__/__/Drivers/STM32F4xx_HAL_Driver/Src/stm32f4xx_ll_usb.c.obj
                0x08001cd0                USB_FlushTxFifo
 .text.USB_FlushRxFifo
                0x08001d34       0x5c cmake/stm32cubemx/CMakeFiles/STM32_Drivers.dir/__/__/Drivers/STM32F4xx_HAL_Driver/Src/stm32f4xx_ll_usb.c.obj
                0x08001d34                USB_FlushRxFifo
 .text.USB_SetDevSpeed
                0x08001d90       0x32 cmake/stm32cubemx/CMakeFiles/STM32_Drivers.dir/__/__/Drivers/STM32F4xx_HAL_Driver/Src/stm32f4xx_ll_usb.c.obj
                0x08001d90                USB_SetDevSpeed
 .text.USB_GetDevSpeed
                0x08001dc2       0x4a cmake/stm32cubemx/CMakeFiles/STM32_Drivers.dir/__/__/Drivers/STM32F4xx_HAL_Driver/Src/stm32f4xx_ll_usb.c.obj
                0x08001dc2                USB_GetDevSpeed
 .text.USB_ActivateEndpoint
                0x08001e0c      0x10e cmake/stm32cubemx/CMakeFiles/STM32_Drivers.dir/__/__/Drivers/STM32F4xx_HAL_Driver/Src/stm32f4xx_ll_usb.c.obj
                0x08001e0c                USB_ActivateEndpoint
 *fill*         0x08001f1a        0x2 
 .text.USB_DeactivateEndpoint
                0x08001f1c      0x1b8 cmake/stm32cubemx/CMakeFiles/STM32_Drivers.dir/__/__/Drivers/STM32F4xx_HAL_Driver/Src/stm32f4xx_ll_usb.c.obj
                0x08001f1c                USB_DeactivateEndpoint
 .text.USB_EPStartXfer
                0x080020d4      0x53c cmake/stm32cubemx/CMakeFiles/STM32_Drivers.dir/__/__/Drivers/STM32F4xx_HAL_Driver/Src/stm32f4xx_ll_usb.c.obj
                0x080020d4                USB_EPStartXfer
 .text.USB_EPStopXfer
                0x08002610      0x154 cmake/stm32cubemx/CMakeFiles/STM32_Drivers.dir/__/__/Drivers/STM32F4xx_HAL_Driver/Src/stm32f4xx_ll_usb.c.obj
                0x08002610                USB_EPStopXfer
 .text.USB_WritePacket
                0x08002764       0x7c cmake/stm32cubemx/CMakeFiles/STM32_Drivers.dir/__/__/Drivers/STM32F4xx_HAL_Driver/Src/stm32f4xx_ll_usb.c.obj
                0x08002764                USB_WritePacket
 .text.USB_ReadPacket
                0x080027e0       0xb0 cmake/stm32cubemx/CMakeFiles/STM32_Drivers.dir/__/__/Drivers/STM32F4xx_HAL_Driver/Src/stm32f4xx_ll_usb.c.obj
                0x080027e0                USB_ReadPacket
 .text.USB_EPSetStall
                0x08002890       0xdc cmake/stm32cubemx/CMakeFiles/STM32_Drivers.dir/__/__/Drivers/STM32F4xx_HAL_Driver/Src/stm32f4xx_ll_usb.c.obj
                0x08002890                USB_EPSetStall
 .text.USB_EPClearStall
                0x0800296c       0xcc cmake/stm32cubemx/CMakeFiles/STM32_Drivers.dir/__/__/Drivers/STM32F4xx_HAL_Driver/Src/stm32f4xx_ll_usb.c.obj
                0x0800296c                USB_EPClearStall
 .text.USB_SetDevAddress
                0x08002a38       0x4c cmake/stm32cubemx/CMakeFiles/STM32_Drivers.dir/__/__/Drivers/STM32F4xx_HAL_Driver/Src/stm32f4xx_ll_usb.c.obj
                0x08002a38                USB_SetDevAddress
 .text.USB_DevConnect
                0x08002a84       0x42 cmake/stm32cubemx/CMakeFiles/STM32_Drivers.dir/__/__/Drivers/STM32F4xx_HAL_Driver/Src/stm32f4xx_ll_usb.c.obj
                0x08002a84                USB_DevConnect
 .text.USB_DevDisconnect
                0x08002ac6       0x42 cmake/stm32cubemx/CMakeFiles/STM32_Drivers.dir/__/__/Drivers/STM32F4xx_HAL_Driver/Src/stm32f4xx_ll_usb.c.obj
                0x08002ac6                USB_DevDisconnect
 .text.USB_ReadInterrupts
                0x08002b08       0x26 cmake/stm32cubemx/CMakeFiles/STM32_Drivers.dir/__/__/Drivers/STM32F4xx_HAL_Driver/Src/stm32f4xx_ll_usb.c.obj
                0x08002b08                USB_ReadInterrupts
 .text.USB_ReadDevAllOutEpInterrupt
                0x08002b2e       0x34 cmake/stm32cubemx/CMakeFiles/STM32_Drivers.dir/__/__/Drivers/STM32F4xx_HAL_Driver/Src/stm32f4xx_ll_usb.c.obj
                0x08002b2e                USB_ReadDevAllOutEpInterrupt
 .text.USB_ReadDevAllInEpInterrupt
                0x08002b62       0x34 cmake/stm32cubemx/CMakeFiles/STM32_Drivers.dir/__/__/Drivers/STM32F4xx_HAL_Driver/Src/stm32f4xx_ll_usb.c.obj
                0x08002b62                USB_ReadDevAllInEpInterrupt
 .text.USB_ReadDevOutEPInterrupt
                0x08002b96       0x3c cmake/stm32cubemx/CMakeFiles/STM32_Drivers.dir/__/__/Drivers/STM32F4xx_HAL_Driver/Src/stm32f4xx_ll_usb.c.obj
                0x08002b96                USB_ReadDevOutEPInterrupt
 .text.USB_ReadDevInEPInterrupt
                0x08002bd2       0x5c cmake/stm32cubemx/CMakeFiles/STM32_Drivers.dir/__/__/Drivers/STM32F4xx_HAL_Driver/Src/stm32f4xx_ll_usb.c.obj
                0x08002bd2                USB_ReadDevInEPInterrupt
 .text.USB_GetMode
                0x08002c2e       0x1c cmake/stm32cubemx/CMakeFiles/STM32_Drivers.dir/__/__/Drivers/STM32F4xx_HAL_Driver/Src/stm32f4xx_ll_usb.c.obj
                0x08002c2e                USB_GetMode
 .text.USB_ActivateSetup
                0x08002c4a       0x46 cmake/stm32cubemx/CMakeFiles/STM32_Drivers.dir/__/__/Drivers/STM32F4xx_HAL_Driver/Src/stm32f4xx_ll_usb.c.obj
                0x08002c4a                USB_ActivateSetup
 .text.USB_EP0_OutStart
                0x08002c90       0xbc cmake/stm32cubemx/CMakeFiles/STM32_Drivers.dir/__/__/Drivers/STM32F4xx_HAL_Driver/Src/stm32f4xx_ll_usb.c.obj
                0x08002c90                USB_EP0_OutStart
 .text.USB_CoreReset
                0x08002d4c       0x70 cmake/stm32cubemx/CMakeFiles/STM32_Drivers.dir/__/__/Drivers/STM32F4xx_HAL_Driver/Src/stm32f4xx_ll_usb.c.obj
 .text.HAL_RCC_OscConfig
                0x08002dbc      0x4f0 cmake/stm32cubemx/CMakeFiles/STM32_Drivers.dir/__/__/Drivers/STM32F4xx_HAL_Driver/Src/stm32f4xx_hal_rcc.c.obj
                0x08002dbc                HAL_RCC_OscConfig
 .text.HAL_RCC_ClockConfig
                0x080032ac      0x1cc cmake/stm32cubemx/CMakeFiles/STM32_Drivers.dir/__/__/Drivers/STM32F4xx_HAL_Driver/Src/stm32f4xx_hal_rcc.c.obj
                0x080032ac                HAL_RCC_ClockConfig
 .text.HAL_RCC_GetSysClockFreq
                0x08003478      0x188 cmake/stm32cubemx/CMakeFiles/STM32_Drivers.dir/__/__/Drivers/STM32F4xx_HAL_Driver/Src/stm32f4xx_hal_rcc.c.obj
                0x08003478                HAL_RCC_GetSysClockFreq
 .text.HAL_RCC_GetHCLKFreq
                0x08003600       0x18 cmake/stm32cubemx/CMakeFiles/STM32_Drivers.dir/__/__/Drivers/STM32F4xx_HAL_Driver/Src/stm32f4xx_hal_rcc.c.obj
                0x08003600                HAL_RCC_GetHCLKFreq
 .text.HAL_GPIO_Init
                0x08003618      0x308 cmake/stm32cubemx/CMakeFiles/STM32_Drivers.dir/__/__/Drivers/STM32F4xx_HAL_Driver/Src/stm32f4xx_hal_gpio.c.obj
                0x08003618                HAL_GPIO_Init
 .text.__NVIC_SetPriorityGrouping
                0x08003920       0x48 cmake/stm32cubemx/CMakeFiles/STM32_Drivers.dir/__/__/Drivers/STM32F4xx_HAL_Driver/Src/stm32f4xx_hal_cortex.c.obj
 .text.__NVIC_GetPriorityGrouping
                0x08003968       0x1c cmake/stm32cubemx/CMakeFiles/STM32_Drivers.dir/__/__/Drivers/STM32F4xx_HAL_Driver/Src/stm32f4xx_hal_cortex.c.obj
 .text.__NVIC_EnableIRQ
                0x08003984       0x3c cmake/stm32cubemx/CMakeFiles/STM32_Drivers.dir/__/__/Drivers/STM32F4xx_HAL_Driver/Src/stm32f4xx_hal_cortex.c.obj
 .text.__NVIC_SetPriority
                0x080039c0       0x54 cmake/stm32cubemx/CMakeFiles/STM32_Drivers.dir/__/__/Drivers/STM32F4xx_HAL_Driver/Src/stm32f4xx_hal_cortex.c.obj
 .text.NVIC_EncodePriority
                0x08003a14       0x66 cmake/stm32cubemx/CMakeFiles/STM32_Drivers.dir/__/__/Drivers/STM32F4xx_HAL_Driver/Src/stm32f4xx_hal_cortex.c.obj
 *fill*         0x08003a7a        0x2 
 .text.SysTick_Config
                0x08003a7c       0x44 cmake/stm32cubemx/CMakeFiles/STM32_Drivers.dir/__/__/Drivers/STM32F4xx_HAL_Driver/Src/stm32f4xx_hal_cortex.c.obj
 .text.HAL_NVIC_SetPriorityGrouping
                0x08003ac0       0x16 cmake/stm32cubemx/CMakeFiles/STM32_Drivers.dir/__/__/Drivers/STM32F4xx_HAL_Driver/Src/stm32f4xx_hal_cortex.c.obj
                0x08003ac0                HAL_NVIC_SetPriorityGrouping
 .text.HAL_NVIC_SetPriority
                0x08003ad6       0x38 cmake/stm32cubemx/CMakeFiles/STM32_Drivers.dir/__/__/Drivers/STM32F4xx_HAL_Driver/Src/stm32f4xx_hal_cortex.c.obj
                0x08003ad6                HAL_NVIC_SetPriority
 .text.HAL_NVIC_EnableIRQ
                0x08003b0e       0x1c cmake/stm32cubemx/CMakeFiles/STM32_Drivers.dir/__/__/Drivers/STM32F4xx_HAL_Driver/Src/stm32f4xx_hal_cortex.c.obj
                0x08003b0e                HAL_NVIC_EnableIRQ
 .text.HAL_SYSTICK_Config
                0x08003b2a       0x18 cmake/stm32cubemx/CMakeFiles/STM32_Drivers.dir/__/__/Drivers/STM32F4xx_HAL_Driver/Src/stm32f4xx_hal_cortex.c.obj
                0x08003b2a                HAL_SYSTICK_Config
 *fill*         0x08003b42        0x2 
 .text.HAL_Init
                0x08003b44       0x44 cmake/stm32cubemx/CMakeFiles/STM32_Drivers.dir/__/__/Drivers/STM32F4xx_HAL_Driver/Src/stm32f4xx_hal.c.obj
                0x08003b44                HAL_Init
 .text.HAL_InitTick
                0x08003b88       0x60 cmake/stm32cubemx/CMakeFiles/STM32_Drivers.dir/__/__/Drivers/STM32F4xx_HAL_Driver/Src/stm32f4xx_hal.c.obj
                0x08003b88                HAL_InitTick
 .text.HAL_IncTick
                0x08003be8       0x28 cmake/stm32cubemx/CMakeFiles/STM32_Drivers.dir/__/__/Drivers/STM32F4xx_HAL_Driver/Src/stm32f4xx_hal.c.obj
                0x08003be8                HAL_IncTick
 .text.HAL_GetTick
                0x08003c10       0x18 cmake/stm32cubemx/CMakeFiles/STM32_Drivers.dir/__/__/Drivers/STM32F4xx_HAL_Driver/Src/stm32f4xx_hal.c.obj
                0x08003c10                HAL_GetTick
 .text.HAL_Delay
                0x08003c28       0x48 cmake/stm32cubemx/CMakeFiles/STM32_Drivers.dir/__/__/Drivers/STM32F4xx_HAL_Driver/Src/stm32f4xx_hal.c.obj
                0x08003c28                HAL_Delay
 .text.HAL_SPI_Init
                0x08003c70      0x112 cmake/stm32cubemx/CMakeFiles/STM32_Drivers.dir/__/__/Drivers/STM32F4xx_HAL_Driver/Src/stm32f4xx_hal_spi.c.obj
                0x08003c70                HAL_SPI_Init
 .text.HAL_TIM_Base_Init
                0x08003d82       0x9e cmake/stm32cubemx/CMakeFiles/STM32_Drivers.dir/__/__/Drivers/STM32F4xx_HAL_Driver/Src/stm32f4xx_hal_tim.c.obj
                0x08003d82                HAL_TIM_Base_Init
 .text.HAL_TIM_PWM_Init
                0x08003e20       0x9e cmake/stm32cubemx/CMakeFiles/STM32_Drivers.dir/__/__/Drivers/STM32F4xx_HAL_Driver/Src/stm32f4xx_hal_tim.c.obj
                0x08003e20                HAL_TIM_PWM_Init
 .text.HAL_TIM_PWM_MspInit
                0x08003ebe       0x14 cmake/stm32cubemx/CMakeFiles/STM32_Drivers.dir/__/__/Drivers/STM32F4xx_HAL_Driver/Src/stm32f4xx_hal_tim.c.obj
                0x08003ebe                HAL_TIM_PWM_MspInit
 *fill*         0x08003ed2        0x2 
 .text.HAL_TIM_PWM_ConfigChannel
                0x08003ed4      0x184 cmake/stm32cubemx/CMakeFiles/STM32_Drivers.dir/__/__/Drivers/STM32F4xx_HAL_Driver/Src/stm32f4xx_hal_tim.c.obj
                0x08003ed4                HAL_TIM_PWM_ConfigChannel
 .text.HAL_TIM_ConfigClockSource
                0x08004058      0x18e cmake/stm32cubemx/CMakeFiles/STM32_Drivers.dir/__/__/Drivers/STM32F4xx_HAL_Driver/Src/stm32f4xx_hal_tim.c.obj
                0x08004058                HAL_TIM_ConfigClockSource
 *fill*         0x080041e6        0x2 
 .text.TIM_Base_SetConfig
                0x080041e8      0x10c cmake/stm32cubemx/CMakeFiles/STM32_Drivers.dir/__/__/Drivers/STM32F4xx_HAL_Driver/Src/stm32f4xx_hal_tim.c.obj
                0x080041e8                TIM_Base_SetConfig
 .text.TIM_OC1_SetConfig
                0x080042f4       0xcc cmake/stm32cubemx/CMakeFiles/STM32_Drivers.dir/__/__/Drivers/STM32F4xx_HAL_Driver/Src/stm32f4xx_hal_tim.c.obj
 .text.TIM_OC2_SetConfig
                0x080043c0       0xd8 cmake/stm32cubemx/CMakeFiles/STM32_Drivers.dir/__/__/Drivers/STM32F4xx_HAL_Driver/Src/stm32f4xx_hal_tim.c.obj
                0x080043c0                TIM_OC2_SetConfig
 .text.TIM_OC3_SetConfig
                0x08004498       0xd4 cmake/stm32cubemx/CMakeFiles/STM32_Drivers.dir/__/__/Drivers/STM32F4xx_HAL_Driver/Src/stm32f4xx_hal_tim.c.obj
 .text.TIM_OC4_SetConfig
                0x0800456c       0xa0 cmake/stm32cubemx/CMakeFiles/STM32_Drivers.dir/__/__/Drivers/STM32F4xx_HAL_Driver/Src/stm32f4xx_hal_tim.c.obj
 .text.TIM_TI1_ConfigInputStage
                0x0800460c       0x5e cmake/stm32cubemx/CMakeFiles/STM32_Drivers.dir/__/__/Drivers/STM32F4xx_HAL_Driver/Src/stm32f4xx_hal_tim.c.obj
 .text.TIM_TI2_ConfigInputStage
                0x0800466a       0x60 cmake/stm32cubemx/CMakeFiles/STM32_Drivers.dir/__/__/Drivers/STM32F4xx_HAL_Driver/Src/stm32f4xx_hal_tim.c.obj
 .text.TIM_ITRx_SetConfig
                0x080046ca       0x36 cmake/stm32cubemx/CMakeFiles/STM32_Drivers.dir/__/__/Drivers/STM32F4xx_HAL_Driver/Src/stm32f4xx_hal_tim.c.obj
 .text.TIM_ETR_SetConfig
                0x08004700       0x40 cmake/stm32cubemx/CMakeFiles/STM32_Drivers.dir/__/__/Drivers/STM32F4xx_HAL_Driver/Src/stm32f4xx_hal_tim.c.obj
                0x08004700                TIM_ETR_SetConfig
 .text.HAL_TIMEx_MasterConfigSynchronization
                0x08004740       0xdc cmake/stm32cubemx/CMakeFiles/STM32_Drivers.dir/__/__/Drivers/STM32F4xx_HAL_Driver/Src/stm32f4xx_hal_tim_ex.c.obj
                0x08004740                HAL_TIMEx_MasterConfigSynchronization
 .text.USBD_Init
                0x0800481c       0x60 cmake/stm32cubemx/CMakeFiles/USB_Device_Library.dir/__/__/Middlewares/ST/STM32_USB_Device_Library/Core/Src/usbd_core.c.obj
                0x0800481c                USBD_Init
 .text.USBD_RegisterClass
                0x0800487c       0x6c cmake/stm32cubemx/CMakeFiles/USB_Device_Library.dir/__/__/Middlewares/ST/STM32_USB_Device_Library/Core/Src/usbd_core.c.obj
                0x0800487c                USBD_RegisterClass
 .text.USBD_Start
                0x080048e8       0x18 cmake/stm32cubemx/CMakeFiles/USB_Device_Library.dir/__/__/Middlewares/ST/STM32_USB_Device_Library/Core/Src/usbd_core.c.obj
                0x080048e8                USBD_Start
 .text.USBD_RunTestMode
                0x08004900       0x16 cmake/stm32cubemx/CMakeFiles/USB_Device_Library.dir/__/__/Middlewares/ST/STM32_USB_Device_Library/Core/Src/usbd_core.c.obj
                0x08004900                USBD_RunTestMode
 .text.USBD_SetClassConfig
                0x08004916       0x38 cmake/stm32cubemx/CMakeFiles/USB_Device_Library.dir/__/__/Middlewares/ST/STM32_USB_Device_Library/Core/Src/usbd_core.c.obj
                0x08004916                USBD_SetClassConfig
 .text.USBD_ClrClassConfig
                0x0800494e       0x34 cmake/stm32cubemx/CMakeFiles/USB_Device_Library.dir/__/__/Middlewares/ST/STM32_USB_Device_Library/Core/Src/usbd_core.c.obj
                0x0800494e                USBD_ClrClassConfig
 .text.USBD_LL_SetupStage
                0x08004982       0xaa cmake/stm32cubemx/CMakeFiles/USB_Device_Library.dir/__/__/Middlewares/ST/STM32_USB_Device_Library/Core/Src/usbd_core.c.obj
                0x08004982                USBD_LL_SetupStage
 .text.USBD_LL_DataOutStage
                0x08004a2c      0x178 cmake/stm32cubemx/CMakeFiles/USB_Device_Library.dir/__/__/Middlewares/ST/STM32_USB_Device_Library/Core/Src/usbd_core.c.obj
                0x08004a2c                USBD_LL_DataOutStage
 .text.USBD_LL_DataInStage
                0x08004ba4      0x176 cmake/stm32cubemx/CMakeFiles/USB_Device_Library.dir/__/__/Middlewares/ST/STM32_USB_Device_Library/Core/Src/usbd_core.c.obj
                0x08004ba4                USBD_LL_DataInStage
 .text.USBD_LL_Reset
                0x08004d1a       0xa6 cmake/stm32cubemx/CMakeFiles/USB_Device_Library.dir/__/__/Middlewares/ST/STM32_USB_Device_Library/Core/Src/usbd_core.c.obj
                0x08004d1a                USBD_LL_Reset
 .text.USBD_LL_SetSpeed
                0x08004dc0       0x20 cmake/stm32cubemx/CMakeFiles/USB_Device_Library.dir/__/__/Middlewares/ST/STM32_USB_Device_Library/Core/Src/usbd_core.c.obj
                0x08004dc0                USBD_LL_SetSpeed
 .text.USBD_LL_Suspend
                0x08004de0       0x38 cmake/stm32cubemx/CMakeFiles/USB_Device_Library.dir/__/__/Middlewares/ST/STM32_USB_Device_Library/Core/Src/usbd_core.c.obj
                0x08004de0                USBD_LL_Suspend
 .text.USBD_LL_Resume
                0x08004e18       0x30 cmake/stm32cubemx/CMakeFiles/USB_Device_Library.dir/__/__/Middlewares/ST/STM32_USB_Device_Library/Core/Src/usbd_core.c.obj
                0x08004e18                USBD_LL_Resume
 .text.USBD_LL_SOF
                0x08004e48       0x40 cmake/stm32cubemx/CMakeFiles/USB_Device_Library.dir/__/__/Middlewares/ST/STM32_USB_Device_Library/Core/Src/usbd_core.c.obj
                0x08004e48                USBD_LL_SOF
 .text.USBD_LL_IsoINIncomplete
                0x08004e88       0x64 cmake/stm32cubemx/CMakeFiles/USB_Device_Library.dir/__/__/Middlewares/ST/STM32_USB_Device_Library/Core/Src/usbd_core.c.obj
                0x08004e88                USBD_LL_IsoINIncomplete
 .text.USBD_LL_IsoOUTIncomplete
                0x08004eec       0x64 cmake/stm32cubemx/CMakeFiles/USB_Device_Library.dir/__/__/Middlewares/ST/STM32_USB_Device_Library/Core/Src/usbd_core.c.obj
                0x08004eec                USBD_LL_IsoOUTIncomplete
 .text.USBD_LL_DevConnected
                0x08004f50       0x16 cmake/stm32cubemx/CMakeFiles/USB_Device_Library.dir/__/__/Middlewares/ST/STM32_USB_Device_Library/Core/Src/usbd_core.c.obj
                0x08004f50                USBD_LL_DevConnected
 .text.USBD_LL_DevDisconnected
                0x08004f66       0x46 cmake/stm32cubemx/CMakeFiles/USB_Device_Library.dir/__/__/Middlewares/ST/STM32_USB_Device_Library/Core/Src/usbd_core.c.obj
                0x08004f66                USBD_LL_DevDisconnected
 .text.USBD_CoreFindIF
                0x08004fac       0x1a cmake/stm32cubemx/CMakeFiles/USB_Device_Library.dir/__/__/Middlewares/ST/STM32_USB_Device_Library/Core/Src/usbd_core.c.obj
                0x08004fac                USBD_CoreFindIF
 .text.USBD_CoreFindEP
                0x08004fc6       0x1a cmake/stm32cubemx/CMakeFiles/USB_Device_Library.dir/__/__/Middlewares/ST/STM32_USB_Device_Library/Core/Src/usbd_core.c.obj
                0x08004fc6                USBD_CoreFindEP
 .text.USBD_GetEpDesc
                0x08004fe0       0x70 cmake/stm32cubemx/CMakeFiles/USB_Device_Library.dir/__/__/Middlewares/ST/STM32_USB_Device_Library/Core/Src/usbd_core.c.obj
                0x08004fe0                USBD_GetEpDesc
 .text.USBD_GetNextDesc
                0x08005050       0x38 cmake/stm32cubemx/CMakeFiles/USB_Device_Library.dir/__/__/Middlewares/ST/STM32_USB_Device_Library/Core/Src/usbd_core.c.obj
                0x08005050                USBD_GetNextDesc
 .text.SWAPBYTE
                0x08005088       0x3e cmake/stm32cubemx/CMakeFiles/USB_Device_Library.dir/__/__/Middlewares/ST/STM32_USB_Device_Library/Core/Src/usbd_ctlreq.c.obj
 *fill*         0x080050c6        0x2 
 .text.USBD_StdDevReq
                0x080050c8       0xe4 cmake/stm32cubemx/CMakeFiles/USB_Device_Library.dir/__/__/Middlewares/ST/STM32_USB_Device_Library/Core/Src/usbd_ctlreq.c.obj
                0x080050c8                USBD_StdDevReq
 .text.USBD_StdItfReq
                0x080051ac       0xd8 cmake/stm32cubemx/CMakeFiles/USB_Device_Library.dir/__/__/Middlewares/ST/STM32_USB_Device_Library/Core/Src/usbd_ctlreq.c.obj
                0x080051ac                USBD_StdItfReq
 .text.USBD_StdEPReq
                0x08005284      0x33e cmake/stm32cubemx/CMakeFiles/USB_Device_Library.dir/__/__/Middlewares/ST/STM32_USB_Device_Library/Core/Src/usbd_ctlreq.c.obj
                0x08005284                USBD_StdEPReq
 *fill*         0x080055c2        0x2 
 .text.USBD_GetDescriptor
                0x080055c4      0x2d4 cmake/stm32cubemx/CMakeFiles/USB_Device_Library.dir/__/__/Middlewares/ST/STM32_USB_Device_Library/Core/Src/usbd_ctlreq.c.obj
 .text.USBD_SetAddress
                0x08005898       0x88 cmake/stm32cubemx/CMakeFiles/USB_Device_Library.dir/__/__/Middlewares/ST/STM32_USB_Device_Library/Core/Src/usbd_ctlreq.c.obj
 .text.USBD_SetConfig
                0x08005920      0x154 cmake/stm32cubemx/CMakeFiles/USB_Device_Library.dir/__/__/Middlewares/ST/STM32_USB_Device_Library/Core/Src/usbd_ctlreq.c.obj
 .text.USBD_GetConfig
                0x08005a74       0x6c cmake/stm32cubemx/CMakeFiles/USB_Device_Library.dir/__/__/Middlewares/ST/STM32_USB_Device_Library/Core/Src/usbd_ctlreq.c.obj
 .text.USBD_GetStatus
                0x08005ae0       0x68 cmake/stm32cubemx/CMakeFiles/USB_Device_Library.dir/__/__/Middlewares/ST/STM32_USB_Device_Library/Core/Src/usbd_ctlreq.c.obj
 .text.USBD_SetFeature
                0x08005b48       0x52 cmake/stm32cubemx/CMakeFiles/USB_Device_Library.dir/__/__/Middlewares/ST/STM32_USB_Device_Library/Core/Src/usbd_ctlreq.c.obj
 .text.USBD_ClrFeature
                0x08005b9a       0x44 cmake/stm32cubemx/CMakeFiles/USB_Device_Library.dir/__/__/Middlewares/ST/STM32_USB_Device_Library/Core/Src/usbd_ctlreq.c.obj
 .text.USBD_ParseSetupRequest
                0x08005bde       0x74 cmake/stm32cubemx/CMakeFiles/USB_Device_Library.dir/__/__/Middlewares/ST/STM32_USB_Device_Library/Core/Src/usbd_ctlreq.c.obj
                0x08005bde                USBD_ParseSetupRequest
 .text.USBD_CtlError
                0x08005c52       0x22 cmake/stm32cubemx/CMakeFiles/USB_Device_Library.dir/__/__/Middlewares/ST/STM32_USB_Device_Library/Core/Src/usbd_ctlreq.c.obj
                0x08005c52                USBD_CtlError
 .text.USBD_GetString
                0x08005c74       0xa4 cmake/stm32cubemx/CMakeFiles/USB_Device_Library.dir/__/__/Middlewares/ST/STM32_USB_Device_Library/Core/Src/usbd_ctlreq.c.obj
                0x08005c74                USBD_GetString
 .text.USBD_GetLen
                0x08005d18       0x34 cmake/stm32cubemx/CMakeFiles/USB_Device_Library.dir/__/__/Middlewares/ST/STM32_USB_Device_Library/Core/Src/usbd_ctlreq.c.obj
 .text.USBD_CtlSendData
                0x08005d4c       0x3c cmake/stm32cubemx/CMakeFiles/USB_Device_Library.dir/__/__/Middlewares/ST/STM32_USB_Device_Library/Core/Src/usbd_ioreq.c.obj
                0x08005d4c                USBD_CtlSendData
 .text.USBD_CtlContinueSendData
                0x08005d88       0x22 cmake/stm32cubemx/CMakeFiles/USB_Device_Library.dir/__/__/Middlewares/ST/STM32_USB_Device_Library/Core/Src/usbd_ioreq.c.obj
                0x08005d88                USBD_CtlContinueSendData
 .text.USBD_CtlPrepareRx
                0x08005daa       0x42 cmake/stm32cubemx/CMakeFiles/USB_Device_Library.dir/__/__/Middlewares/ST/STM32_USB_Device_Library/Core/Src/usbd_ioreq.c.obj
                0x08005daa                USBD_CtlPrepareRx
 .text.USBD_CtlContinueRx
                0x08005dec       0x22 cmake/stm32cubemx/CMakeFiles/USB_Device_Library.dir/__/__/Middlewares/ST/STM32_USB_Device_Library/Core/Src/usbd_ioreq.c.obj
                0x08005dec                USBD_CtlContinueRx
 .text.USBD_CtlSendStatus
                0x08005e0e       0x26 cmake/stm32cubemx/CMakeFiles/USB_Device_Library.dir/__/__/Middlewares/ST/STM32_USB_Device_Library/Core/Src/usbd_ioreq.c.obj
                0x08005e0e                USBD_CtlSendStatus
 .text.USBD_CtlReceiveStatus
                0x08005e34       0x26 cmake/stm32cubemx/CMakeFiles/USB_Device_Library.dir/__/__/Middlewares/ST/STM32_USB_Device_Library/Core/Src/usbd_ioreq.c.obj
                0x08005e34                USBD_CtlReceiveStatus
 *fill*         0x08005e5a        0x2 
 .text.USBD_CDC_Init
                0x08005e5c      0x1f0 cmake/stm32cubemx/CMakeFiles/USB_Device_Library.dir/__/__/Middlewares/ST/STM32_USB_Device_Library/Class/CDC/Src/usbd_cdc.c.obj
 .text.USBD_CDC_DeInit
                0x0800604c      0x104 cmake/stm32cubemx/CMakeFiles/USB_Device_Library.dir/__/__/Middlewares/ST/STM32_USB_Device_Library/Class/CDC/Src/usbd_cdc.c.obj
 .text.USBD_CDC_Setup
                0x08006150      0x1b8 cmake/stm32cubemx/CMakeFiles/USB_Device_Library.dir/__/__/Middlewares/ST/STM32_USB_Device_Library/Class/CDC/Src/usbd_cdc.c.obj
 .text.USBD_CDC_DataIn
                0x08006308       0xfe cmake/stm32cubemx/CMakeFiles/USB_Device_Library.dir/__/__/Middlewares/ST/STM32_USB_Device_Library/Class/CDC/Src/usbd_cdc.c.obj
 .text.USBD_CDC_DataOut
                0x08006406       0x70 cmake/stm32cubemx/CMakeFiles/USB_Device_Library.dir/__/__/Middlewares/ST/STM32_USB_Device_Library/Class/CDC/Src/usbd_cdc.c.obj
 .text.USBD_CDC_EP0_RxReady
                0x08006476       0x74 cmake/stm32cubemx/CMakeFiles/USB_Device_Library.dir/__/__/Middlewares/ST/STM32_USB_Device_Library/Class/CDC/Src/usbd_cdc.c.obj
 *fill*         0x080064ea        0x2 
 .text.USBD_CDC_GetFSCfgDesc
                0x080064ec       0x70 cmake/stm32cubemx/CMakeFiles/USB_Device_Library.dir/__/__/Middlewares/ST/STM32_USB_Device_Library/Class/CDC/Src/usbd_cdc.c.obj
 .text.USBD_CDC_GetHSCfgDesc
                0x0800655c       0x70 cmake/stm32cubemx/CMakeFiles/USB_Device_Library.dir/__/__/Middlewares/ST/STM32_USB_Device_Library/Class/CDC/Src/usbd_cdc.c.obj
 .text.USBD_CDC_GetOtherSpeedCfgDesc
                0x080065cc       0x70 cmake/stm32cubemx/CMakeFiles/USB_Device_Library.dir/__/__/Middlewares/ST/STM32_USB_Device_Library/Class/CDC/Src/usbd_cdc.c.obj
 .text.USBD_CDC_GetDeviceQualifierDescriptor
                0x0800663c       0x20 cmake/stm32cubemx/CMakeFiles/USB_Device_Library.dir/__/__/Middlewares/ST/STM32_USB_Device_Library/Class/CDC/Src/usbd_cdc.c.obj
                0x0800663c                USBD_CDC_GetDeviceQualifierDescriptor
 .text.USBD_CDC_RegisterInterface
                0x0800665c       0x34 cmake/stm32cubemx/CMakeFiles/USB_Device_Library.dir/__/__/Middlewares/ST/STM32_USB_Device_Library/Class/CDC/Src/usbd_cdc.c.obj
                0x0800665c                USBD_CDC_RegisterInterface
 .text.USBD_CDC_SetTxBuffer
                0x08006690       0x44 cmake/stm32cubemx/CMakeFiles/USB_Device_Library.dir/__/__/Middlewares/ST/STM32_USB_Device_Library/Class/CDC/Src/usbd_cdc.c.obj
                0x08006690                USBD_CDC_SetTxBuffer
 .text.USBD_CDC_SetRxBuffer
                0x080066d4       0x3a cmake/stm32cubemx/CMakeFiles/USB_Device_Library.dir/__/__/Middlewares/ST/STM32_USB_Device_Library/Class/CDC/Src/usbd_cdc.c.obj
                0x080066d4                USBD_CDC_SetRxBuffer
 *fill*         0x0800670e        0x2 
 .text.USBD_CDC_ReceivePacket
                0x08006710       0x6c cmake/stm32cubemx/CMakeFiles/USB_Device_Library.dir/__/__/Middlewares/ST/STM32_USB_Device_Library/Class/CDC/Src/usbd_cdc.c.obj
                0x08006710                USBD_CDC_ReceivePacket
 .text.HAL_PCD_MspInit
                0x0800677c       0xa8 CMakeFiles/SARP_SRAD_Flight_Computer.dir/USB_DEVICE/Target/usbd_conf.c.obj
                0x0800677c                HAL_PCD_MspInit
 .text.HAL_PCD_SetupStageCallback
                0x08006824       0x24 CMakeFiles/SARP_SRAD_Flight_Computer.dir/USB_DEVICE/Target/usbd_conf.c.obj
                0x08006824                HAL_PCD_SetupStageCallback
 .text.HAL_PCD_DataOutStageCallback
                0x08006848       0x36 CMakeFiles/SARP_SRAD_Flight_Computer.dir/USB_DEVICE/Target/usbd_conf.c.obj
                0x08006848                HAL_PCD_DataOutStageCallback
 .text.HAL_PCD_DataInStageCallback
                0x0800687e       0x34 CMakeFiles/SARP_SRAD_Flight_Computer.dir/USB_DEVICE/Target/usbd_conf.c.obj
                0x0800687e                HAL_PCD_DataInStageCallback
 .text.HAL_PCD_SOFCallback
                0x080068b2       0x1c CMakeFiles/SARP_SRAD_Flight_Computer.dir/USB_DEVICE/Target/usbd_conf.c.obj
                0x080068b2                HAL_PCD_SOFCallback
 .text.HAL_PCD_ResetCallback
                0x080068ce       0x3c CMakeFiles/SARP_SRAD_Flight_Computer.dir/USB_DEVICE/Target/usbd_conf.c.obj
                0x080068ce                HAL_PCD_ResetCallback
 *fill*         0x0800690a        0x2 
 .text.HAL_PCD_SuspendCallback
                0x0800690c       0x4c CMakeFiles/SARP_SRAD_Flight_Computer.dir/USB_DEVICE/Target/usbd_conf.c.obj
                0x0800690c                HAL_PCD_SuspendCallback
 .text.HAL_PCD_ResumeCallback
                0x08006958       0x1c CMakeFiles/SARP_SRAD_Flight_Computer.dir/USB_DEVICE/Target/usbd_conf.c.obj
                0x08006958                HAL_PCD_ResumeCallback
 .text.HAL_PCD_ISOOUTIncompleteCallback
                0x08006974       0x24 CMakeFiles/SARP_SRAD_Flight_Computer.dir/USB_DEVICE/Target/usbd_conf.c.obj
                0x08006974                HAL_PCD_ISOOUTIncompleteCallback
 .text.HAL_PCD_ISOINIncompleteCallback
                0x08006998       0x24 CMakeFiles/SARP_SRAD_Flight_Computer.dir/USB_DEVICE/Target/usbd_conf.c.obj
                0x08006998                HAL_PCD_ISOINIncompleteCallback
 .text.HAL_PCD_ConnectCallback
                0x080069bc       0x1c CMakeFiles/SARP_SRAD_Flight_Computer.dir/USB_DEVICE/Target/usbd_conf.c.obj
                0x080069bc                HAL_PCD_ConnectCallback
 .text.HAL_PCD_DisconnectCallback
                0x080069d8       0x1c CMakeFiles/SARP_SRAD_Flight_Computer.dir/USB_DEVICE/Target/usbd_conf.c.obj
                0x080069d8                HAL_PCD_DisconnectCallback
 .text.USBD_LL_Init
                0x080069f4       0x98 CMakeFiles/SARP_SRAD_Flight_Computer.dir/USB_DEVICE/Target/usbd_conf.c.obj
                0x080069f4                USBD_LL_Init
 .text.USBD_LL_Start
                0x08006a8c       0x36 CMakeFiles/SARP_SRAD_Flight_Computer.dir/USB_DEVICE/Target/usbd_conf.c.obj
                0x08006a8c                USBD_LL_Start
 .text.USBD_LL_OpenEP
                0x08006ac2       0x4c CMakeFiles/SARP_SRAD_Flight_Computer.dir/USB_DEVICE/Target/usbd_conf.c.obj
                0x08006ac2                USBD_LL_OpenEP
 .text.USBD_LL_CloseEP
                0x08006b0e       0x3e CMakeFiles/SARP_SRAD_Flight_Computer.dir/USB_DEVICE/Target/usbd_conf.c.obj
                0x08006b0e                USBD_LL_CloseEP
 .text.USBD_LL_StallEP
                0x08006b4c       0x3e CMakeFiles/SARP_SRAD_Flight_Computer.dir/USB_DEVICE/Target/usbd_conf.c.obj
                0x08006b4c                USBD_LL_StallEP
 .text.USBD_LL_ClearStallEP
                0x08006b8a       0x3e CMakeFiles/SARP_SRAD_Flight_Computer.dir/USB_DEVICE/Target/usbd_conf.c.obj
                0x08006b8a                USBD_LL_ClearStallEP
 .text.USBD_LL_IsStallEP
                0x08006bc8       0x58 CMakeFiles/SARP_SRAD_Flight_Computer.dir/USB_DEVICE/Target/usbd_conf.c.obj
                0x08006bc8                USBD_LL_IsStallEP
 .text.USBD_LL_SetUSBAddress
                0x08006c20       0x3e CMakeFiles/SARP_SRAD_Flight_Computer.dir/USB_DEVICE/Target/usbd_conf.c.obj
                0x08006c20                USBD_LL_SetUSBAddress
 .text.USBD_LL_Transmit
                0x08006c5e       0x42 CMakeFiles/SARP_SRAD_Flight_Computer.dir/USB_DEVICE/Target/usbd_conf.c.obj
                0x08006c5e                USBD_LL_Transmit
 .text.USBD_LL_PrepareReceive
                0x08006ca0       0x42 CMakeFiles/SARP_SRAD_Flight_Computer.dir/USB_DEVICE/Target/usbd_conf.c.obj
                0x08006ca0                USBD_LL_PrepareReceive
 .text.USBD_LL_GetRxDataSize
                0x08006ce2       0x26 CMakeFiles/SARP_SRAD_Flight_Computer.dir/USB_DEVICE/Target/usbd_conf.c.obj
                0x08006ce2                USBD_LL_GetRxDataSize
 .text.USBD_static_malloc
                0x08006d08       0x1c CMakeFiles/SARP_SRAD_Flight_Computer.dir/USB_DEVICE/Target/usbd_conf.c.obj
                0x08006d08                USBD_static_malloc
 .text.USBD_static_free
                0x08006d24       0x14 CMakeFiles/SARP_SRAD_Flight_Computer.dir/USB_DEVICE/Target/usbd_conf.c.obj
                0x08006d24                USBD_static_free
 .text.USBD_Get_USB_Status
                0x08006d38       0x58 CMakeFiles/SARP_SRAD_Flight_Computer.dir/USB_DEVICE/Target/usbd_conf.c.obj
                0x08006d38                USBD_Get_USB_Status
 .text.MX_USB_DEVICE_Init
                0x08006d90       0x60 CMakeFiles/SARP_SRAD_Flight_Computer.dir/USB_DEVICE/App/usb_device.c.obj
                0x08006d90                MX_USB_DEVICE_Init
 .text.USBD_FS_DeviceDescriptor
                0x08006df0       0x24 CMakeFiles/SARP_SRAD_Flight_Computer.dir/USB_DEVICE/App/usbd_desc.c.obj
                0x08006df0                USBD_FS_DeviceDescriptor
 .text.USBD_FS_LangIDStrDescriptor
                0x08006e14       0x24 CMakeFiles/SARP_SRAD_Flight_Computer.dir/USB_DEVICE/App/usbd_desc.c.obj
                0x08006e14                USBD_FS_LangIDStrDescriptor
 .text.USBD_FS_ProductStrDescriptor
                0x08006e38       0x3c CMakeFiles/SARP_SRAD_Flight_Computer.dir/USB_DEVICE/App/usbd_desc.c.obj
                0x08006e38                USBD_FS_ProductStrDescriptor
 .text.USBD_FS_ManufacturerStrDescriptor
                0x08006e74       0x28 CMakeFiles/SARP_SRAD_Flight_Computer.dir/USB_DEVICE/App/usbd_desc.c.obj
                0x08006e74                USBD_FS_ManufacturerStrDescriptor
 .text.USBD_FS_SerialStrDescriptor
                0x08006e9c       0x24 CMakeFiles/SARP_SRAD_Flight_Computer.dir/USB_DEVICE/App/usbd_desc.c.obj
                0x08006e9c                USBD_FS_SerialStrDescriptor
 .text.USBD_FS_ConfigStrDescriptor
                0x08006ec0       0x3c CMakeFiles/SARP_SRAD_Flight_Computer.dir/USB_DEVICE/App/usbd_desc.c.obj
                0x08006ec0                USBD_FS_ConfigStrDescriptor
 .text.USBD_FS_InterfaceStrDescriptor
                0x08006efc       0x3c CMakeFiles/SARP_SRAD_Flight_Computer.dir/USB_DEVICE/App/usbd_desc.c.obj
                0x08006efc                USBD_FS_InterfaceStrDescriptor
 .text.Get_SerialNum
                0x08006f38       0x58 CMakeFiles/SARP_SRAD_Flight_Computer.dir/USB_DEVICE/App/usbd_desc.c.obj
 .text.IntToUnicode
                0x08006f90       0x7e CMakeFiles/SARP_SRAD_Flight_Computer.dir/USB_DEVICE/App/usbd_desc.c.obj
 *fill*         0x0800700e        0x2 
 .text.CDC_Init_FS
                0x08007010       0x28 CMakeFiles/SARP_SRAD_Flight_Computer.dir/USB_DEVICE/App/usbd_cdc_if.c.obj
 .text.CDC_DeInit_FS
                0x08007038       0x10 CMakeFiles/SARP_SRAD_Flight_Computer.dir/USB_DEVICE/App/usbd_cdc_if.c.obj
 .text.CDC_Control_FS
                0x08007048       0xbc CMakeFiles/SARP_SRAD_Flight_Computer.dir/USB_DEVICE/App/usbd_cdc_if.c.obj
 .text.CDC_Receive_FS
                0x08007104       0x28 CMakeFiles/SARP_SRAD_Flight_Computer.dir/USB_DEVICE/App/usbd_cdc_if.c.obj
 .text.CDC_TransmitCplt_FS
                0x0800712c       0x22 CMakeFiles/SARP_SRAD_Flight_Computer.dir/USB_DEVICE/App/usbd_cdc_if.c.obj
 .text.main     0x0800714e       0x42 CMakeFiles/SARP_SRAD_Flight_Computer.dir/Core/Src/main.c.obj
                0x0800714e                main
 .text.SystemClock_Config
                0x08007190       0xd0 CMakeFiles/SARP_SRAD_Flight_Computer.dir/Core/Src/main.c.obj
                0x08007190                SystemClock_Config
 .text.Error_Handler
                0x08007260        0xc CMakeFiles/SARP_SRAD_Flight_Computer.dir/Core/Src/main.c.obj
                0x08007260                Error_Handler
 .text.MX_GPIO_Init
                0x0800726c       0x6c CMakeFiles/SARP_SRAD_Flight_Computer.dir/Core/Src/gpio.c.obj
                0x0800726c                MX_GPIO_Init
 .text.MX_SPI1_Init
                0x080072d8       0x6c CMakeFiles/SARP_SRAD_Flight_Computer.dir/Core/Src/spi.c.obj
                0x080072d8                MX_SPI1_Init
 .text.MX_SPI2_Init
                0x08007344       0x6c CMakeFiles/SARP_SRAD_Flight_Computer.dir/Core/Src/spi.c.obj
                0x08007344                MX_SPI2_Init
 .text.HAL_SPI_MspInit
                0x080073b0      0x138 CMakeFiles/SARP_SRAD_Flight_Computer.dir/Core/Src/spi.c.obj
                0x080073b0                HAL_SPI_MspInit
 .text.MX_TIM2_Init
                0x080074e8       0xec CMakeFiles/SARP_SRAD_Flight_Computer.dir/Core/Src/tim.c.obj
                0x080074e8                MX_TIM2_Init
 .text.HAL_TIM_Base_MspInit
                0x080075d4       0x40 CMakeFiles/SARP_SRAD_Flight_Computer.dir/Core/Src/tim.c.obj
                0x080075d4                HAL_TIM_Base_MspInit
 .text.HAL_TIM_MspPostInit
                0x08007614       0x70 CMakeFiles/SARP_SRAD_Flight_Computer.dir/Core/Src/tim.c.obj
                0x08007614                HAL_TIM_MspPostInit
 .text.NMI_Handler
                0x08007684        0x8 CMakeFiles/SARP_SRAD_Flight_Computer.dir/Core/Src/stm32f4xx_it.c.obj
                0x08007684                NMI_Handler
 .text.HardFault_Handler
                0x0800768c        0x8 CMakeFiles/SARP_SRAD_Flight_Computer.dir/Core/Src/stm32f4xx_it.c.obj
                0x0800768c                HardFault_Handler
 .text.MemManage_Handler
                0x08007694        0x8 CMakeFiles/SARP_SRAD_Flight_Computer.dir/Core/Src/stm32f4xx_it.c.obj
                0x08007694                MemManage_Handler
 .text.BusFault_Handler
                0x0800769c        0x8 CMakeFiles/SARP_SRAD_Flight_Computer.dir/Core/Src/stm32f4xx_it.c.obj
                0x0800769c                BusFault_Handler
 .text.UsageFault_Handler
                0x080076a4        0x8 CMakeFiles/SARP_SRAD_Flight_Computer.dir/Core/Src/stm32f4xx_it.c.obj
                0x080076a4                UsageFault_Handler
 .text.SVC_Handler
                0x080076ac        0xe CMakeFiles/SARP_SRAD_Flight_Computer.dir/Core/Src/stm32f4xx_it.c.obj
                0x080076ac                SVC_Handler
 .text.DebugMon_Handler
                0x080076ba        0xe CMakeFiles/SARP_SRAD_Flight_Computer.dir/Core/Src/stm32f4xx_it.c.obj
                0x080076ba                DebugMon_Handler
 .text.PendSV_Handler
                0x080076c8        0xe CMakeFiles/SARP_SRAD_Flight_Computer.dir/Core/Src/stm32f4xx_it.c.obj
                0x080076c8                PendSV_Handler
 .text.SysTick_Handler
                0x080076d6        0xc CMakeFiles/SARP_SRAD_Flight_Computer.dir/Core/Src/stm32f4xx_it.c.obj
                0x080076d6                SysTick_Handler
 *fill*         0x080076e2        0x2 
 .text.OTG_FS_IRQHandler
                0x080076e4       0x14 CMakeFiles/SARP_SRAD_Flight_Computer.dir/Core/Src/stm32f4xx_it.c.obj
                0x080076e4                OTG_FS_IRQHandler
 .text.HAL_MspInit
                0x080076f8       0x50 CMakeFiles/SARP_SRAD_Flight_Computer.dir/Core/Src/stm32f4xx_hal_msp.c.obj
                0x080076f8                HAL_MspInit
 .text.Reset_Handler
                0x08007748       0x50 CMakeFiles/SARP_SRAD_Flight_Computer.dir/startup_stm32f411xe.s.obj
                0x08007748                Reset_Handler
 .text.Default_Handler
                0x08007798        0x2 CMakeFiles/SARP_SRAD_Flight_Computer.dir/startup_stm32f411xe.s.obj
                0x08007798                DMA1_Stream3_IRQHandler
                0x08007798                EXTI2_IRQHandler
                0x08007798                SPI4_IRQHandler
                0x08007798                TIM1_CC_IRQHandler
                0x08007798                DMA2_Stream5_IRQHandler
                0x08007798                DMA1_Stream5_IRQHandler
                0x08007798                PVD_IRQHandler
                0x08007798                SDIO_IRQHandler
                0x08007798                TAMP_STAMP_IRQHandler
                0x08007798                EXTI3_IRQHandler
                0x08007798                TIM1_UP_TIM10_IRQHandler
                0x08007798                I2C3_ER_IRQHandler
                0x08007798                EXTI0_IRQHandler
                0x08007798                I2C2_EV_IRQHandler
                0x08007798                DMA1_Stream2_IRQHandler
                0x08007798                FPU_IRQHandler
                0x08007798                DMA2_Stream2_IRQHandler
                0x08007798                SPI1_IRQHandler
                0x08007798                TIM1_BRK_TIM9_IRQHandler
                0x08007798                DMA2_Stream3_IRQHandler
                0x08007798                USART6_IRQHandler
                0x08007798                DMA2_Stream0_IRQHandler
                0x08007798                TIM4_IRQHandler
                0x08007798                I2C1_EV_IRQHandler
                0x08007798                DMA1_Stream6_IRQHandler
                0x08007798                DMA1_Stream1_IRQHandler
                0x08007798                TIM3_IRQHandler
                0x08007798                RCC_IRQHandler
                0x08007798                Default_Handler
                0x08007798                EXTI15_10_IRQHandler
                0x08007798                ADC_IRQHandler
                0x08007798                DMA1_Stream7_IRQHandler
                0x08007798                SPI5_IRQHandler
                0x08007798                TIM5_IRQHandler
                0x08007798                DMA2_Stream7_IRQHandler
                0x08007798                I2C3_EV_IRQHandler
                0x08007798                EXTI9_5_IRQHandler
                0x08007798                RTC_WKUP_IRQHandler
                0x08007798                SPI2_IRQHandler
                0x08007798                DMA1_Stream0_IRQHandler
                0x08007798                EXTI4_IRQHandler
                0x08007798                WWDG_IRQHandler
                0x08007798                TIM2_IRQHandler
                0x08007798                OTG_FS_WKUP_IRQHandler
                0x08007798                TIM1_TRG_COM_TIM11_IRQHandler
                0x08007798                EXTI1_IRQHandler
                0x08007798                USART2_IRQHandler
                0x08007798                I2C2_ER_IRQHandler
                0x08007798                DMA2_Stream1_IRQHandler
                0x08007798                FLASH_IRQHandler
                0x08007798                DMA2_Stream4_IRQHandler
                0x08007798                USART1_IRQHandler
                0x08007798                SPI3_IRQHandler
                0x08007798                DMA1_Stream4_IRQHandler
                0x08007798                I2C1_ER_IRQHandler
                0x08007798                DMA2_Stream6_IRQHandler
                0x08007798                RTC_Alarm_IRQHandler
 *fill*         0x0800779a        0x2 
 .text.__udivmoddi4
                0x0800779c      0x2f8 /Applications/ArmGNUToolchain/14.3.rel1/arm-none-eabi/bin/../lib/gcc/arm-none-eabi/14.3.1/thumb/v7e-m+fp/hard/libgcc.a(_udivmoddi4.o)
                0x0800779c                __udivmoddi4
 .text.memset   0x08007a94       0x10 /Applications/ArmGNUToolchain/14.3.rel1/arm-none-eabi/bin/../lib/gcc/arm-none-eabi/14.3.1/../../../../arm-none-eabi/lib/thumb/v7e-m+fp/hard/libg_nano.a(libc_a-memset.o)
                0x08007a94                memset
 .text.__libc_init_array
                0x08007aa4       0x48 /Applications/ArmGNUToolchain/14.3.rel1/arm-none-eabi/bin/../lib/gcc/arm-none-eabi/14.3.1/../../../../arm-none-eabi/lib/thumb/v7e-m+fp/hard/libg_nano.a(libc_a-init.o)
                0x08007aa4                __libc_init_array
 *(.glue_7)
 .glue_7        0x08007aec        0x0 linker stubs
 *(.glue_7t)
 .glue_7t       0x08007aec        0x0 linker stubs
 *(.eh_frame)
 .eh_frame      0x08007aec        0x0 /Applications/ArmGNUToolchain/14.3.rel1/arm-none-eabi/bin/../lib/gcc/arm-none-eabi/14.3.1/thumb/v7e-m+fp/hard/crtbegin.o
 *(.init)
 .init          0x08007aec        0x4 /Applications/ArmGNUToolchain/14.3.rel1/arm-none-eabi/bin/../lib/gcc/arm-none-eabi/14.3.1/thumb/v7e-m+fp/hard/crti.o
                0x08007aec                _init
 .init          0x08007af0        0x8 /Applications/ArmGNUToolchain/14.3.rel1/arm-none-eabi/bin/../lib/gcc/arm-none-eabi/14.3.1/thumb/v7e-m+fp/hard/crtn.o
 *(.fini)
 .fini          0x08007af8        0x4 /Applications/ArmGNUToolchain/14.3.rel1/arm-none-eabi/bin/../lib/gcc/arm-none-eabi/14.3.1/thumb/v7e-m+fp/hard/crti.o
                0x08007af8                _fini
 .fini          0x08007afc        0x8 /Applications/ArmGNUToolchain/14.3.rel1/arm-none-eabi/bin/../lib/gcc/arm-none-eabi/14.3.1/thumb/v7e-m+fp/hard/crtn.o
                0x08007b04                        . = ALIGN (0x4)
                0x08007b04                        _etext = .

.vfp11_veneer   0x08007b04        0x0
 .vfp11_veneer  0x08007b04        0x0 linker stubs

.v4_bx          0x08007b04        0x0
 .v4_bx         0x08007b04        0x0 linker stubs

.iplt           0x08007b04        0x0
 .iplt          0x08007b04        0x0 /Applications/ArmGNUToolchain/14.3.rel1/arm-none-eabi/bin/../lib/gcc/arm-none-eabi/14.3.1/thumb/v7e-m+fp/hard/crtbegin.o

.rodata         0x08007b04       0x58
                0x08007b04                        . = ALIGN (0x4)
 *(.rodata)
 .rodata        0x08007b04       0x46 CMakeFiles/SARP_SRAD_Flight_Computer.dir/USB_DEVICE/App/usbd_desc.c.obj
 *(.rodata*)
 *fill*         0x08007b4a        0x2 
 .rodata.AHBPrescTable
                0x08007b4c       0x10 cmake/stm32cubemx/CMakeFiles/STM32_Drivers.dir/__/__/Core/Src/system_stm32f4xx.c.obj
                0x08007b4c                AHBPrescTable
                0x08007b5c                        . = ALIGN (0x4)

.ARM.extab      0x08007b5c        0x0
                0x08007b5c                        . = ALIGN (0x4)
 *(.ARM.extab* .gnu.linkonce.armextab.*)
                0x08007b5c                        . = ALIGN (0x4)

.ARM            0x08007b5c        0x8
                0x08007b5c                        . = ALIGN (0x4)
                0x08007b5c                        __exidx_start = .
 *(.ARM.exidx*)
 .ARM.exidx.text.__udivmoddi4
                0x08007b5c        0x8 /Applications/ArmGNUToolchain/14.3.rel1/arm-none-eabi/bin/../lib/gcc/arm-none-eabi/14.3.1/thumb/v7e-m+fp/hard/libgcc.a(_udivmoddi4.o)
                0x08007b64                        __exidx_end = .
                0x08007b64                        . = ALIGN (0x4)

.preinit_array  0x08007b64        0x0
                0x08007b64                        . = ALIGN (0x4)
                0x08007b64                        PROVIDE (__preinit_array_start = .)
 *(.preinit_array*)
                0x08007b64                        PROVIDE (__preinit_array_end = .)
                0x08007b64                        . = ALIGN (0x4)

.init_array     0x08007b64        0x4
                0x08007b64                        . = ALIGN (0x4)
                0x08007b64                        PROVIDE (__init_array_start = .)
 *(SORT_BY_NAME(.init_array.*))
 *(.init_array*)
 .init_array    0x08007b64        0x4 /Applications/ArmGNUToolchain/14.3.rel1/arm-none-eabi/bin/../lib/gcc/arm-none-eabi/14.3.1/thumb/v7e-m+fp/hard/crtbegin.o
                0x08007b68                        PROVIDE (__init_array_end = .)
                0x08007b68                        . = ALIGN (0x4)

.fini_array     0x08007b68        0x4
                0x08007b68                        . = ALIGN (0x4)
                [!provide]                        PROVIDE (__fini_array_start = .)
 *(SORT_BY_NAME(.fini_array.*))
 *(.fini_array*)
 .fini_array    0x08007b68        0x4 /Applications/ArmGNUToolchain/14.3.rel1/arm-none-eabi/bin/../lib/gcc/arm-none-eabi/14.3.1/thumb/v7e-m+fp/hard/crtbegin.o
                [!provide]                        PROVIDE (__fini_array_end = .)
                0x08007b6c                        . = ALIGN (0x4)
                0x08007b6c                        _sidata = LOADADDR (.data)

.rel.dyn        0x08007b6c        0x0
 .rel.iplt      0x08007b6c        0x0 /Applications/ArmGNUToolchain/14.3.rel1/arm-none-eabi/bin/../lib/gcc/arm-none-eabi/14.3.1/thumb/v7e-m+fp/hard/crtbegin.o

.data           0x20000000       0xfc load address 0x08007b6c
                0x20000000                        . = ALIGN (0x4)
                0x20000000                        _sdata = .
 *(.data)
 *(.data*)
 .data.SystemCoreClock
                0x20000000        0x4 cmake/stm32cubemx/CMakeFiles/STM32_Drivers.dir/__/__/Core/Src/system_stm32f4xx.c.obj
                0x20000000                SystemCoreClock
 .data.uwTickPrio
                0x20000004        0x4 cmake/stm32cubemx/CMakeFiles/STM32_Drivers.dir/__/__/Drivers/STM32F4xx_HAL_Driver/Src/stm32f4xx_hal.c.obj
                0x20000004                uwTickPrio
 .data.uwTickFreq
                0x20000008        0x1 cmake/stm32cubemx/CMakeFiles/STM32_Drivers.dir/__/__/Drivers/STM32F4xx_HAL_Driver/Src/stm32f4xx_hal.c.obj
                0x20000008                uwTickFreq
 *fill*         0x20000009        0x3 
 .data.USBD_CDC_DeviceQualifierDesc
                0x2000000c        0xa cmake/stm32cubemx/CMakeFiles/USB_Device_Library.dir/__/__/Middlewares/ST/STM32_USB_Device_Library/Class/CDC/Src/usbd_cdc.c.obj
 *fill*         0x20000016        0x2 
 .data.USBD_CDC
                0x20000018       0x38 cmake/stm32cubemx/CMakeFiles/USB_Device_Library.dir/__/__/Middlewares/ST/STM32_USB_Device_Library/Class/CDC/Src/usbd_cdc.c.obj
                0x20000018                USBD_CDC
 .data.USBD_CDC_CfgDesc
                0x20000050       0x43 cmake/stm32cubemx/CMakeFiles/USB_Device_Library.dir/__/__/Middlewares/ST/STM32_USB_Device_Library/Class/CDC/Src/usbd_cdc.c.obj
 .data.CDCInEpAdd
                0x20000093        0x1 cmake/stm32cubemx/CMakeFiles/USB_Device_Library.dir/__/__/Middlewares/ST/STM32_USB_Device_Library/Class/CDC/Src/usbd_cdc.c.obj
 .data.CDCOutEpAdd
                0x20000094        0x1 cmake/stm32cubemx/CMakeFiles/USB_Device_Library.dir/__/__/Middlewares/ST/STM32_USB_Device_Library/Class/CDC/Src/usbd_cdc.c.obj
 .data.CDCCmdEpAdd
                0x20000095        0x1 cmake/stm32cubemx/CMakeFiles/USB_Device_Library.dir/__/__/Middlewares/ST/STM32_USB_Device_Library/Class/CDC/Src/usbd_cdc.c.obj
 *fill*         0x20000096        0x2 
 .data.FS_Desc  0x20000098       0x1c CMakeFiles/SARP_SRAD_Flight_Computer.dir/USB_DEVICE/App/usbd_desc.c.obj
                0x20000098                FS_Desc
 .data.USBD_FS_DeviceDesc
                0x200000b4       0x12 CMakeFiles/SARP_SRAD_Flight_Computer.dir/USB_DEVICE/App/usbd_desc.c.obj
                0x200000b4                USBD_FS_DeviceDesc
 *fill*         0x200000c6        0x2 
 .data.USBD_LangIDDesc
                0x200000c8        0x4 CMakeFiles/SARP_SRAD_Flight_Computer.dir/USB_DEVICE/App/usbd_desc.c.obj
                0x200000c8                USBD_LangIDDesc
 .data.USBD_StringSerial
                0x200000cc       0x1a CMakeFiles/SARP_SRAD_Flight_Computer.dir/USB_DEVICE/App/usbd_desc.c.obj
                0x200000cc                USBD_StringSerial
 *fill*         0x200000e6        0x2 
 .data.USBD_Interface_fops_FS
                0x200000e8       0x14 CMakeFiles/SARP_SRAD_Flight_Computer.dir/USB_DEVICE/App/usbd_cdc_if.c.obj
                0x200000e8                USBD_Interface_fops_FS
 *(.RamFunc)
 *(.RamFunc*)
                0x200000fc                        . = ALIGN (0x4)

.tm_clone_table
                0x200000fc        0x0 load address 0x08007c68
 .tm_clone_table
                0x200000fc        0x0 /Applications/ArmGNUToolchain/14.3.rel1/arm-none-eabi/bin/../lib/gcc/arm-none-eabi/14.3.1/thumb/v7e-m+fp/hard/crtbegin.o
 .tm_clone_table
                0x200000fc        0x0 /Applications/ArmGNUToolchain/14.3.rel1/arm-none-eabi/bin/../lib/gcc/arm-none-eabi/14.3.1/thumb/v7e-m+fp/hard/crtend.o

.igot.plt       0x200000fc        0x0 load address 0x08007c68
 .igot.plt      0x200000fc        0x0 /Applications/ArmGNUToolchain/14.3.rel1/arm-none-eabi/bin/../lib/gcc/arm-none-eabi/14.3.1/thumb/v7e-m+fp/hard/crtbegin.o

.tdata          0x200000fc        0x0 load address 0x08007c68
 *(.tdata .tdata.* .gnu.linkonce.td.*)
                0x200000fc                        . = ALIGN (0x4)
                0x200000fc                        _edata = .
                [!provide]                        PROVIDE (__data_end = .)
                [!provide]                        PROVIDE (__tdata_end = .)
                [!provide]                        PROVIDE (__tdata_start = ADDR (.tdata))
                [!provide]                        PROVIDE (__tdata_size = (__tdata_end - __tdata_start))
                [!provide]                        PROVIDE (__data_start = ADDR (.data))
                [!provide]                        PROVIDE (__data_size = (__data_end - __data_start))
                [!provide]                        PROVIDE (__tdata_source = LOADADDR (.tdata))
                [!provide]                        PROVIDE (__tdata_source_end = (LOADADDR (.tdata) + SIZEOF (.tdata)))
                [!provide]                        PROVIDE (__tdata_source_size = (__tdata_source_end - __tdata_source))
                [!provide]                        PROVIDE (__data_source = LOADADDR (.data))
                [!provide]                        PROVIDE (__data_source_end = __tdata_source_end)
                [!provide]                        PROVIDE (__data_source_size = (__data_source_end - __data_source))

.tbss           0x200000fc        0x0 load address 0x08007c68
                0x200000fc                        _sbss = .
                0x200000fc                        __bss_start__ = _sbss
 *(.tbss .tbss.*)
                0x200000fc                        . = ALIGN (0x4)
                [!provide]                        PROVIDE (__tbss_end = .)
                [!provide]                        PROVIDE (__tbss_start = ADDR (.tbss))
                [!provide]                        PROVIDE (__tbss_size = (__tbss_end - __tbss_start))
                [!provide]                        PROVIDE (__tbss_offset = (ADDR (.tbss) - ADDR (.tdata)))
                [!provide]                        PROVIDE (__tls_base = __tdata_start)
                [!provide]                        PROVIDE (__tls_end = __tbss_end)
                [!provide]                        PROVIDE (__tls_size = (__tls_end - __tls_base))
                [!provide]                        PROVIDE (__tls_align = MAX (ALIGNOF (.tdata), ALIGNOF (.tbss)))
                [!provide]                        PROVIDE (__tls_size_align = (((__tls_size + __tls_align) - 0x1) & ~ ((__tls_align - 0x1))))
                [!provide]                        PROVIDE (__arm32_tls_tcb_offset = MAX (0x8, __tls_align))
                [!provide]                        PROVIDE (__arm64_tls_tcb_offset = MAX (0x10, __tls_align))

.bss            0x200000fc     0x1cfc load address 0x08007c68
 *(.bss)
 *(.bss*)
 .bss.completed.1
                0x200000fc        0x1 /Applications/ArmGNUToolchain/14.3.rel1/arm-none-eabi/bin/../lib/gcc/arm-none-eabi/14.3.1/thumb/v7e-m+fp/hard/crtbegin.o
 *fill*         0x200000fd        0x3 
 .bss.object.0  0x20000100       0x18 /Applications/ArmGNUToolchain/14.3.rel1/arm-none-eabi/bin/../lib/gcc/arm-none-eabi/14.3.1/thumb/v7e-m+fp/hard/crtbegin.o
 .bss.uwTick    0x20000118        0x4 cmake/stm32cubemx/CMakeFiles/STM32_Drivers.dir/__/__/Drivers/STM32F4xx_HAL_Driver/Src/stm32f4xx_hal.c.obj
                0x20000118                uwTick
 .bss.cfgidx.0  0x2000011c        0x1 cmake/stm32cubemx/CMakeFiles/USB_Device_Library.dir/__/__/Middlewares/ST/STM32_USB_Device_Library/Core/Src/usbd_ctlreq.c.obj
 *fill*         0x2000011d        0x3 
 .bss.hpcd_USB_OTG_FS
                0x20000120      0x4e4 CMakeFiles/SARP_SRAD_Flight_Computer.dir/USB_DEVICE/Target/usbd_conf.c.obj
                0x20000120                hpcd_USB_OTG_FS
 .bss.mem.0     0x20000604      0x220 CMakeFiles/SARP_SRAD_Flight_Computer.dir/USB_DEVICE/Target/usbd_conf.c.obj
 .bss.hUsbDeviceFS
                0x20000824      0x2dc CMakeFiles/SARP_SRAD_Flight_Computer.dir/USB_DEVICE/App/usb_device.c.obj
                0x20000824                hUsbDeviceFS
 .bss.USBD_StrDesc
                0x20000b00      0x200 CMakeFiles/SARP_SRAD_Flight_Computer.dir/USB_DEVICE/App/usbd_desc.c.obj
                0x20000b00                USBD_StrDesc
 .bss.UserRxBufferFS
                0x20000d00      0x800 CMakeFiles/SARP_SRAD_Flight_Computer.dir/USB_DEVICE/App/usbd_cdc_if.c.obj
                0x20000d00                UserRxBufferFS
 .bss.UserTxBufferFS
                0x20001500      0x800 CMakeFiles/SARP_SRAD_Flight_Computer.dir/USB_DEVICE/App/usbd_cdc_if.c.obj
                0x20001500                UserTxBufferFS
 .bss.hspi1     0x20001d00       0x58 CMakeFiles/SARP_SRAD_Flight_Computer.dir/Core/Src/spi.c.obj
                0x20001d00                hspi1
 .bss.hspi2     0x20001d58       0x58 CMakeFiles/SARP_SRAD_Flight_Computer.dir/Core/Src/spi.c.obj
                0x20001d58                hspi2
 .bss.htim2     0x20001db0       0x48 CMakeFiles/SARP_SRAD_Flight_Computer.dir/Core/Src/tim.c.obj
                0x20001db0                htim2
 *(COMMON)
                0x20001df8                        . = ALIGN (0x4)
                0x20001df8                        _ebss = .
                0x20001df8                        __bss_end__ = _ebss
                [!provide]                        PROVIDE (__bss_end = .)
                [!provide]                        PROVIDE (__non_tls_bss_start = ADDR (.bss))
                [!provide]                        PROVIDE (__bss_start = __tbss_start)
                [!provide]                        PROVIDE (__bss_size = (__bss_end - __bss_start))

._user_heap_stack
                0x20001df8      0x600 load address 0x08007c68
                0x20001df8                        . = ALIGN (0x8)
                [!provide]                        PROVIDE (end = .)
                0x20001df8                        PROVIDE (_end = .)
                0x20001ff8                        . = (. + _Min_Heap_Size)
 *fill*         0x20001df8      0x200 
                0x200023f8                        . = (. + _Min_Stack_Size)
 *fill*         0x20001ff8      0x400 
                0x200023f8                        . = ALIGN (0x8)

/DISCARD/
 libc.a:*(*)
 libm.a:*(*)
 libgcc.a:*(*)
OUTPUT(SARP_SRAD_Flight_Computer.elf elf32-littlearm)
LOAD linker stubs

.ARM.attributes
                0x00000000       0x30
 .ARM.attributes
                0x00000000       0x22 /Applications/ArmGNUToolchain/14.3.rel1/arm-none-eabi/bin/../lib/gcc/arm-none-eabi/14.3.1/thumb/v7e-m+fp/hard/crti.o
 .ARM.attributes
                0x00000022       0x34 /Applications/ArmGNUToolchain/14.3.rel1/arm-none-eabi/bin/../lib/gcc/arm-none-eabi/14.3.1/thumb/v7e-m+fp/hard/crtbegin.o
 .ARM.attributes
                0x00000056       0x34 cmake/stm32cubemx/CMakeFiles/STM32_Drivers.dir/__/__/Core/Src/system_stm32f4xx.c.obj
 .ARM.attributes
                0x0000008a       0x34 cmake/stm32cubemx/CMakeFiles/STM32_Drivers.dir/__/__/Drivers/STM32F4xx_HAL_Driver/Src/stm32f4xx_hal_pcd.c.obj
 .ARM.attributes
                0x000000be       0x34 cmake/stm32cubemx/CMakeFiles/STM32_Drivers.dir/__/__/Drivers/STM32F4xx_HAL_Driver/Src/stm32f4xx_hal_pcd_ex.c.obj
 .ARM.attributes
                0x000000f2       0x34 cmake/stm32cubemx/CMakeFiles/STM32_Drivers.dir/__/__/Drivers/STM32F4xx_HAL_Driver/Src/stm32f4xx_ll_usb.c.obj
 .ARM.attributes
                0x00000126       0x34 cmake/stm32cubemx/CMakeFiles/STM32_Drivers.dir/__/__/Drivers/STM32F4xx_HAL_Driver/Src/stm32f4xx_hal_rcc.c.obj
 .ARM.attributes
                0x0000015a       0x34 cmake/stm32cubemx/CMakeFiles/STM32_Drivers.dir/__/__/Drivers/STM32F4xx_HAL_Driver/Src/stm32f4xx_hal_gpio.c.obj
 .ARM.attributes
                0x0000018e       0x34 cmake/stm32cubemx/CMakeFiles/STM32_Drivers.dir/__/__/Drivers/STM32F4xx_HAL_Driver/Src/stm32f4xx_hal_cortex.c.obj
 .ARM.attributes
                0x000001c2       0x34 cmake/stm32cubemx/CMakeFiles/STM32_Drivers.dir/__/__/Drivers/STM32F4xx_HAL_Driver/Src/stm32f4xx_hal.c.obj
 .ARM.attributes
                0x000001f6       0x34 cmake/stm32cubemx/CMakeFiles/STM32_Drivers.dir/__/__/Drivers/STM32F4xx_HAL_Driver/Src/stm32f4xx_hal_spi.c.obj
 .ARM.attributes
                0x0000022a       0x34 cmake/stm32cubemx/CMakeFiles/STM32_Drivers.dir/__/__/Drivers/STM32F4xx_HAL_Driver/Src/stm32f4xx_hal_tim.c.obj
 .ARM.attributes
                0x0000025e       0x34 cmake/stm32cubemx/CMakeFiles/STM32_Drivers.dir/__/__/Drivers/STM32F4xx_HAL_Driver/Src/stm32f4xx_hal_tim_ex.c.obj
 .ARM.attributes
                0x00000292       0x34 cmake/stm32cubemx/CMakeFiles/USB_Device_Library.dir/__/__/Middlewares/ST/STM32_USB_Device_Library/Core/Src/usbd_core.c.obj
 .ARM.attributes
                0x000002c6       0x34 cmake/stm32cubemx/CMakeFiles/USB_Device_Library.dir/__/__/Middlewares/ST/STM32_USB_Device_Library/Core/Src/usbd_ctlreq.c.obj
 .ARM.attributes
                0x000002fa       0x34 cmake/stm32cubemx/CMakeFiles/USB_Device_Library.dir/__/__/Middlewares/ST/STM32_USB_Device_Library/Core/Src/usbd_ioreq.c.obj
 .ARM.attributes
                0x0000032e       0x34 cmake/stm32cubemx/CMakeFiles/USB_Device_Library.dir/__/__/Middlewares/ST/STM32_USB_Device_Library/Class/CDC/Src/usbd_cdc.c.obj
 .ARM.attributes
                0x00000362       0x34 CMakeFiles/SARP_SRAD_Flight_Computer.dir/USB_DEVICE/Target/usbd_conf.c.obj
 .ARM.attributes
                0x00000396       0x34 CMakeFiles/SARP_SRAD_Flight_Computer.dir/USB_DEVICE/App/usb_device.c.obj
 .ARM.attributes
                0x000003ca       0x34 CMakeFiles/SARP_SRAD_Flight_Computer.dir/USB_DEVICE/App/usbd_desc.c.obj
 .ARM.attributes
                0x000003fe       0x34 CMakeFiles/SARP_SRAD_Flight_Computer.dir/USB_DEVICE/App/usbd_cdc_if.c.obj
 .ARM.attributes
                0x00000432       0x34 CMakeFiles/SARP_SRAD_Flight_Computer.dir/Core/Src/main.c.obj
 .ARM.attributes
                0x00000466       0x34 CMakeFiles/SARP_SRAD_Flight_Computer.dir/Core/Src/gpio.c.obj
 .ARM.attributes
                0x0000049a       0x34 CMakeFiles/SARP_SRAD_Flight_Computer.dir/Core/Src/spi.c.obj
 .ARM.attributes
                0x000004ce       0x34 CMakeFiles/SARP_SRAD_Flight_Computer.dir/Core/Src/tim.c.obj
 .ARM.attributes
                0x00000502       0x34 CMakeFiles/SARP_SRAD_Flight_Computer.dir/Core/Src/stm32f4xx_it.c.obj
 .ARM.attributes
                0x00000536       0x34 CMakeFiles/SARP_SRAD_Flight_Computer.dir/Core/Src/stm32f4xx_hal_msp.c.obj
 .ARM.attributes
                0x0000056a       0x21 CMakeFiles/SARP_SRAD_Flight_Computer.dir/startup_stm32f411xe.s.obj
 .ARM.attributes
                0x0000058b       0x22 /Applications/ArmGNUToolchain/14.3.rel1/arm-none-eabi/bin/../lib/gcc/arm-none-eabi/14.3.1/thumb/v7e-m+fp/hard/libgcc.a(_aeabi_uldivmod.o)
 .ARM.attributes
                0x000005ad       0x34 /Applications/ArmGNUToolchain/14.3.rel1/arm-none-eabi/bin/../lib/gcc/arm-none-eabi/14.3.1/thumb/v7e-m+fp/hard/libgcc.a(_udivmoddi4.o)
 .ARM.attributes
                0x000005e1       0x22 /Applications/ArmGNUToolchain/14.3.rel1/arm-none-eabi/bin/../lib/gcc/arm-none-eabi/14.3.1/thumb/v7e-m+fp/hard/libgcc.a(_dvmd_tls.o)
 .ARM.attributes
                0x00000603       0x34 /Applications/ArmGNUToolchain/14.3.rel1/arm-none-eabi/bin/../lib/gcc/arm-none-eabi/14.3.1/../../../../arm-none-eabi/lib/thumb/v7e-m+fp/hard/libg_nano.a(libc_a-memset.o)
 .ARM.attributes
                0x00000637       0x34 /Applications/ArmGNUToolchain/14.3.rel1/arm-none-eabi/bin/../lib/gcc/arm-none-eabi/14.3.1/../../../../arm-none-eabi/lib/thumb/v7e-m+fp/hard/libg_nano.a(libc_a-init.o)
 .ARM.attributes
                0x0000066b       0x34 /Applications/ArmGNUToolchain/14.3.rel1/arm-none-eabi/bin/../lib/gcc/arm-none-eabi/14.3.1/thumb/v7e-m+fp/hard/crtend.o
 .ARM.attributes
                0x0000069f       0x22 /Applications/ArmGNUToolchain/14.3.rel1/arm-none-eabi/bin/../lib/gcc/arm-none-eabi/14.3.1/thumb/v7e-m+fp/hard/crtn.o

.comment        0x00000000       0x46
 .comment       0x00000000       0x46 cmake/stm32cubemx/CMakeFiles/STM32_Drivers.dir/__/__/Core/Src/system_stm32f4xx.c.obj
                                 0x47 (size before relaxing)
 .comment       0x00000046       0x47 cmake/stm32cubemx/CMakeFiles/STM32_Drivers.dir/__/__/Drivers/STM32F4xx_HAL_Driver/Src/stm32f4xx_hal_pcd.c.obj
 .comment       0x00000046       0x47 cmake/stm32cubemx/CMakeFiles/STM32_Drivers.dir/__/__/Drivers/STM32F4xx_HAL_Driver/Src/stm32f4xx_hal_pcd_ex.c.obj
 .comment       0x00000046       0x47 cmake/stm32cubemx/CMakeFiles/STM32_Drivers.dir/__/__/Drivers/STM32F4xx_HAL_Driver/Src/stm32f4xx_ll_usb.c.obj
 .comment       0x00000046       0x47 cmake/stm32cubemx/CMakeFiles/STM32_Drivers.dir/__/__/Drivers/STM32F4xx_HAL_Driver/Src/stm32f4xx_hal_rcc.c.obj
 .comment       0x00000046       0x47 cmake/stm32cubemx/CMakeFiles/STM32_Drivers.dir/__/__/Drivers/STM32F4xx_HAL_Driver/Src/stm32f4xx_hal_gpio.c.obj
 .comment       0x00000046       0x47 cmake/stm32cubemx/CMakeFiles/STM32_Drivers.dir/__/__/Drivers/STM32F4xx_HAL_Driver/Src/stm32f4xx_hal_cortex.c.obj
 .comment       0x00000046       0x47 cmake/stm32cubemx/CMakeFiles/STM32_Drivers.dir/__/__/Drivers/STM32F4xx_HAL_Driver/Src/stm32f4xx_hal.c.obj
 .comment       0x00000046       0x47 cmake/stm32cubemx/CMakeFiles/STM32_Drivers.dir/__/__/Drivers/STM32F4xx_HAL_Driver/Src/stm32f4xx_hal_spi.c.obj
 .comment       0x00000046       0x47 cmake/stm32cubemx/CMakeFiles/STM32_Drivers.dir/__/__/Drivers/STM32F4xx_HAL_Driver/Src/stm32f4xx_hal_tim.c.obj
 .comment       0x00000046       0x47 cmake/stm32cubemx/CMakeFiles/STM32_Drivers.dir/__/__/Drivers/STM32F4xx_HAL_Driver/Src/stm32f4xx_hal_tim_ex.c.obj
 .comment       0x00000046       0x47 cmake/stm32cubemx/CMakeFiles/USB_Device_Library.dir/__/__/Middlewares/ST/STM32_USB_Device_Library/Core/Src/usbd_core.c.obj
 .comment       0x00000046       0x47 cmake/stm32cubemx/CMakeFiles/USB_Device_Library.dir/__/__/Middlewares/ST/STM32_USB_Device_Library/Core/Src/usbd_ctlreq.c.obj
 .comment       0x00000046       0x47 cmake/stm32cubemx/CMakeFiles/USB_Device_Library.dir/__/__/Middlewares/ST/STM32_USB_Device_Library/Core/Src/usbd_ioreq.c.obj
 .comment       0x00000046       0x47 cmake/stm32cubemx/CMakeFiles/USB_Device_Library.dir/__/__/Middlewares/ST/STM32_USB_Device_Library/Class/CDC/Src/usbd_cdc.c.obj
 .comment       0x00000046       0x47 CMakeFiles/SARP_SRAD_Flight_Computer.dir/USB_DEVICE/Target/usbd_conf.c.obj
 .comment       0x00000046       0x47 CMakeFiles/SARP_SRAD_Flight_Computer.dir/USB_DEVICE/App/usb_device.c.obj
 .comment       0x00000046       0x47 CMakeFiles/SARP_SRAD_Flight_Computer.dir/USB_DEVICE/App/usbd_desc.c.obj
 .comment       0x00000046       0x47 CMakeFiles/SARP_SRAD_Flight_Computer.dir/USB_DEVICE/App/usbd_cdc_if.c.obj
 .comment       0x00000046       0x47 CMakeFiles/SARP_SRAD_Flight_Computer.dir/Core/Src/main.c.obj
 .comment       0x00000046       0x47 CMakeFiles/SARP_SRAD_Flight_Computer.dir/Core/Src/gpio.c.obj
 .comment       0x00000046       0x47 CMakeFiles/SARP_SRAD_Flight_Computer.dir/Core/Src/spi.c.obj
 .comment       0x00000046       0x47 CMakeFiles/SARP_SRAD_Flight_Computer.dir/Core/Src/tim.c.obj
 .comment       0x00000046       0x47 CMakeFiles/SARP_SRAD_Flight_Computer.dir/Core/Src/stm32f4xx_it.c.obj
 .comment       0x00000046       0x47 CMakeFiles/SARP_SRAD_Flight_Computer.dir/Core/Src/stm32f4xx_hal_msp.c.obj

.debug_info     0x00000000    0x13f5d
 .debug_info    0x00000000      0x53e cmake/stm32cubemx/CMakeFiles/STM32_Drivers.dir/__/__/Core/Src/system_stm32f4xx.c.obj
 .debug_info    0x0000053e     0x1577 cmake/stm32cubemx/CMakeFiles/STM32_Drivers.dir/__/__/Drivers/STM32F4xx_HAL_Driver/Src/stm32f4xx_hal_pcd.c.obj
 .debug_info    0x00001ab5      0x6ea cmake/stm32cubemx/CMakeFiles/STM32_Drivers.dir/__/__/Drivers/STM32F4xx_HAL_Driver/Src/stm32f4xx_hal_pcd_ex.c.obj
 .debug_info    0x0000219f     0x1993 cmake/stm32cubemx/CMakeFiles/STM32_Drivers.dir/__/__/Drivers/STM32F4xx_HAL_Driver/Src/stm32f4xx_ll_usb.c.obj
 .debug_info    0x00003b32      0x904 cmake/stm32cubemx/CMakeFiles/STM32_Drivers.dir/__/__/Drivers/STM32F4xx_HAL_Driver/Src/stm32f4xx_hal_rcc.c.obj
 .debug_info    0x00004436      0x6f9 cmake/stm32cubemx/CMakeFiles/STM32_Drivers.dir/__/__/Drivers/STM32F4xx_HAL_Driver/Src/stm32f4xx_hal_gpio.c.obj
 .debug_info    0x00004b2f      0xcfc cmake/stm32cubemx/CMakeFiles/STM32_Drivers.dir/__/__/Drivers/STM32F4xx_HAL_Driver/Src/stm32f4xx_hal_cortex.c.obj
 .debug_info    0x0000582b      0x8c4 cmake/stm32cubemx/CMakeFiles/STM32_Drivers.dir/__/__/Drivers/STM32F4xx_HAL_Driver/Src/stm32f4xx_hal.c.obj
 .debug_info    0x000060ef     0x1530 cmake/stm32cubemx/CMakeFiles/STM32_Drivers.dir/__/__/Drivers/STM32F4xx_HAL_Driver/Src/stm32f4xx_hal_spi.c.obj
 .debug_info    0x0000761f     0x2996 cmake/stm32cubemx/CMakeFiles/STM32_Drivers.dir/__/__/Drivers/STM32F4xx_HAL_Driver/Src/stm32f4xx_hal_tim.c.obj
 .debug_info    0x00009fb5     0x14d4 cmake/stm32cubemx/CMakeFiles/STM32_Drivers.dir/__/__/Drivers/STM32F4xx_HAL_Driver/Src/stm32f4xx_hal_tim_ex.c.obj
 .debug_info    0x0000b489      0xe12 cmake/stm32cubemx/CMakeFiles/USB_Device_Library.dir/__/__/Middlewares/ST/STM32_USB_Device_Library/Core/Src/usbd_core.c.obj
 .debug_info    0x0000c29b      0xaeb cmake/stm32cubemx/CMakeFiles/USB_Device_Library.dir/__/__/Middlewares/ST/STM32_USB_Device_Library/Core/Src/usbd_ctlreq.c.obj
 .debug_info    0x0000cd86      0x762 cmake/stm32cubemx/CMakeFiles/USB_Device_Library.dir/__/__/Middlewares/ST/STM32_USB_Device_Library/Core/Src/usbd_ioreq.c.obj
 .debug_info    0x0000d4e8     0x12a5 cmake/stm32cubemx/CMakeFiles/USB_Device_Library.dir/__/__/Middlewares/ST/STM32_USB_Device_Library/Class/CDC/Src/usbd_cdc.c.obj
 .debug_info    0x0000e78d     0x1c13 CMakeFiles/SARP_SRAD_Flight_Computer.dir/USB_DEVICE/Target/usbd_conf.c.obj
 .debug_info    0x000103a0      0x70e CMakeFiles/SARP_SRAD_Flight_Computer.dir/USB_DEVICE/App/usb_device.c.obj
 .debug_info    0x00010aae      0x458 CMakeFiles/SARP_SRAD_Flight_Computer.dir/USB_DEVICE/App/usbd_desc.c.obj
 .debug_info    0x00010f06      0x907 CMakeFiles/SARP_SRAD_Flight_Computer.dir/USB_DEVICE/App/usbd_cdc_if.c.obj
 .debug_info    0x0001180d      0x5b6 CMakeFiles/SARP_SRAD_Flight_Computer.dir/Core/Src/main.c.obj
 .debug_info    0x00011dc3      0x2ac CMakeFiles/SARP_SRAD_Flight_Computer.dir/Core/Src/gpio.c.obj
 .debug_info    0x0001206f      0x9f4 CMakeFiles/SARP_SRAD_Flight_Computer.dir/Core/Src/spi.c.obj
 .debug_info    0x00012a63      0xc12 CMakeFiles/SARP_SRAD_Flight_Computer.dir/Core/Src/tim.c.obj
 .debug_info    0x00013675      0x627 CMakeFiles/SARP_SRAD_Flight_Computer.dir/Core/Src/stm32f4xx_it.c.obj
 .debug_info    0x00013c9c      0x291 CMakeFiles/SARP_SRAD_Flight_Computer.dir/Core/Src/stm32f4xx_hal_msp.c.obj
 .debug_info    0x00013f2d       0x30 CMakeFiles/SARP_SRAD_Flight_Computer.dir/startup_stm32f411xe.s.obj

.debug_abbrev   0x00000000     0x3615
 .debug_abbrev  0x00000000      0x11a cmake/stm32cubemx/CMakeFiles/STM32_Drivers.dir/__/__/Core/Src/system_stm32f4xx.c.obj
 .debug_abbrev  0x0000011a      0x2b6 cmake/stm32cubemx/CMakeFiles/STM32_Drivers.dir/__/__/Drivers/STM32F4xx_HAL_Driver/Src/stm32f4xx_hal_pcd.c.obj
 .debug_abbrev  0x000003d0      0x1da cmake/stm32cubemx/CMakeFiles/STM32_Drivers.dir/__/__/Drivers/STM32F4xx_HAL_Driver/Src/stm32f4xx_hal_pcd_ex.c.obj
 .debug_abbrev  0x000005aa      0x2b3 cmake/stm32cubemx/CMakeFiles/STM32_Drivers.dir/__/__/Drivers/STM32F4xx_HAL_Driver/Src/stm32f4xx_ll_usb.c.obj
 .debug_abbrev  0x0000085d      0x2b6 cmake/stm32cubemx/CMakeFiles/STM32_Drivers.dir/__/__/Drivers/STM32F4xx_HAL_Driver/Src/stm32f4xx_hal_rcc.c.obj
 .debug_abbrev  0x00000b13      0x1d3 cmake/stm32cubemx/CMakeFiles/STM32_Drivers.dir/__/__/Drivers/STM32F4xx_HAL_Driver/Src/stm32f4xx_hal_gpio.c.obj
 .debug_abbrev  0x00000ce6      0x31d cmake/stm32cubemx/CMakeFiles/STM32_Drivers.dir/__/__/Drivers/STM32F4xx_HAL_Driver/Src/stm32f4xx_hal_cortex.c.obj
 .debug_abbrev  0x00001003      0x24b cmake/stm32cubemx/CMakeFiles/STM32_Drivers.dir/__/__/Drivers/STM32F4xx_HAL_Driver/Src/stm32f4xx_hal.c.obj
 .debug_abbrev  0x0000124e      0x276 cmake/stm32cubemx/CMakeFiles/STM32_Drivers.dir/__/__/Drivers/STM32F4xx_HAL_Driver/Src/stm32f4xx_hal_spi.c.obj
 .debug_abbrev  0x000014c4      0x28b cmake/stm32cubemx/CMakeFiles/STM32_Drivers.dir/__/__/Drivers/STM32F4xx_HAL_Driver/Src/stm32f4xx_hal_tim.c.obj
 .debug_abbrev  0x0000174f      0x296 cmake/stm32cubemx/CMakeFiles/STM32_Drivers.dir/__/__/Drivers/STM32F4xx_HAL_Driver/Src/stm32f4xx_hal_tim_ex.c.obj
 .debug_abbrev  0x000019e5      0x27c cmake/stm32cubemx/CMakeFiles/USB_Device_Library.dir/__/__/Middlewares/ST/STM32_USB_Device_Library/Core/Src/usbd_core.c.obj
 .debug_abbrev  0x00001c61      0x26f cmake/stm32cubemx/CMakeFiles/USB_Device_Library.dir/__/__/Middlewares/ST/STM32_USB_Device_Library/Core/Src/usbd_ctlreq.c.obj
 .debug_abbrev  0x00001ed0      0x19a cmake/stm32cubemx/CMakeFiles/USB_Device_Library.dir/__/__/Middlewares/ST/STM32_USB_Device_Library/Core/Src/usbd_ioreq.c.obj
 .debug_abbrev  0x0000206a      0x2d2 cmake/stm32cubemx/CMakeFiles/USB_Device_Library.dir/__/__/Middlewares/ST/STM32_USB_Device_Library/Class/CDC/Src/usbd_cdc.c.obj
 .debug_abbrev  0x0000233c      0x33f CMakeFiles/SARP_SRAD_Flight_Computer.dir/USB_DEVICE/Target/usbd_conf.c.obj
 .debug_abbrev  0x0000267b      0x195 CMakeFiles/SARP_SRAD_Flight_Computer.dir/USB_DEVICE/App/usb_device.c.obj
 .debug_abbrev  0x00002810      0x1e1 CMakeFiles/SARP_SRAD_Flight_Computer.dir/USB_DEVICE/App/usbd_desc.c.obj
 .debug_abbrev  0x000029f1      0x29d CMakeFiles/SARP_SRAD_Flight_Computer.dir/USB_DEVICE/App/usbd_cdc_if.c.obj
 .debug_abbrev  0x00002c8e      0x1f8 CMakeFiles/SARP_SRAD_Flight_Computer.dir/Core/Src/main.c.obj
 .debug_abbrev  0x00002e86       0xd8 CMakeFiles/SARP_SRAD_Flight_Computer.dir/Core/Src/gpio.c.obj
 .debug_abbrev  0x00002f5e      0x1fe CMakeFiles/SARP_SRAD_Flight_Computer.dir/Core/Src/spi.c.obj
 .debug_abbrev  0x0000315c      0x219 CMakeFiles/SARP_SRAD_Flight_Computer.dir/Core/Src/tim.c.obj
 .debug_abbrev  0x00003375      0x1a4 CMakeFiles/SARP_SRAD_Flight_Computer.dir/Core/Src/stm32f4xx_it.c.obj
 .debug_abbrev  0x00003519       0xd8 CMakeFiles/SARP_SRAD_Flight_Computer.dir/Core/Src/stm32f4xx_hal_msp.c.obj
 .debug_abbrev  0x000035f1       0x24 CMakeFiles/SARP_SRAD_Flight_Computer.dir/startup_stm32f411xe.s.obj

.debug_aranges  0x00000000     0x12e0
 .debug_aranges
                0x00000000       0x28 cmake/stm32cubemx/CMakeFiles/STM32_Drivers.dir/__/__/Core/Src/system_stm32f4xx.c.obj
 .debug_aranges
                0x00000028      0x148 cmake/stm32cubemx/CMakeFiles/STM32_Drivers.dir/__/__/Drivers/STM32F4xx_HAL_Driver/Src/stm32f4xx_hal_pcd.c.obj
 .debug_aranges
                0x00000170       0x38 cmake/stm32cubemx/CMakeFiles/STM32_Drivers.dir/__/__/Drivers/STM32F4xx_HAL_Driver/Src/stm32f4xx_hal_pcd_ex.c.obj
 .debug_aranges
                0x000001a8      0x1a0 cmake/stm32cubemx/CMakeFiles/STM32_Drivers.dir/__/__/Drivers/STM32F4xx_HAL_Driver/Src/stm32f4xx_ll_usb.c.obj
 .debug_aranges
                0x00000348       0x88 cmake/stm32cubemx/CMakeFiles/STM32_Drivers.dir/__/__/Drivers/STM32F4xx_HAL_Driver/Src/stm32f4xx_hal_rcc.c.obj
 .debug_aranges
                0x000003d0       0x58 cmake/stm32cubemx/CMakeFiles/STM32_Drivers.dir/__/__/Drivers/STM32F4xx_HAL_Driver/Src/stm32f4xx_hal_gpio.c.obj
 .debug_aranges
                0x00000428      0x130 cmake/stm32cubemx/CMakeFiles/STM32_Drivers.dir/__/__/Drivers/STM32F4xx_HAL_Driver/Src/stm32f4xx_hal_cortex.c.obj
 .debug_aranges
                0x00000558       0xf0 cmake/stm32cubemx/CMakeFiles/STM32_Drivers.dir/__/__/Drivers/STM32F4xx_HAL_Driver/Src/stm32f4xx_hal.c.obj
 .debug_aranges
                0x00000648      0x1d0 cmake/stm32cubemx/CMakeFiles/STM32_Drivers.dir/__/__/Drivers/STM32F4xx_HAL_Driver/Src/stm32f4xx_hal_spi.c.obj
 .debug_aranges
                0x00000818      0x3d0 cmake/stm32cubemx/CMakeFiles/STM32_Drivers.dir/__/__/Drivers/STM32F4xx_HAL_Driver/Src/stm32f4xx_hal_tim.c.obj
 .debug_aranges
                0x00000be8      0x168 cmake/stm32cubemx/CMakeFiles/STM32_Drivers.dir/__/__/Drivers/STM32F4xx_HAL_Driver/Src/stm32f4xx_hal_tim_ex.c.obj
 .debug_aranges
                0x00000d50       0xd8 cmake/stm32cubemx/CMakeFiles/USB_Device_Library.dir/__/__/Middlewares/ST/STM32_USB_Device_Library/Core/Src/usbd_core.c.obj
 .debug_aranges
                0x00000e28       0x90 cmake/stm32cubemx/CMakeFiles/USB_Device_Library.dir/__/__/Middlewares/ST/STM32_USB_Device_Library/Core/Src/usbd_ctlreq.c.obj
 .debug_aranges
                0x00000eb8       0x50 cmake/stm32cubemx/CMakeFiles/USB_Device_Library.dir/__/__/Middlewares/ST/STM32_USB_Device_Library/Core/Src/usbd_ioreq.c.obj
 .debug_aranges
                0x00000f08       0x90 cmake/stm32cubemx/CMakeFiles/USB_Device_Library.dir/__/__/Middlewares/ST/STM32_USB_Device_Library/Class/CDC/Src/usbd_cdc.c.obj
 .debug_aranges
                0x00000f98      0x110 CMakeFiles/SARP_SRAD_Flight_Computer.dir/USB_DEVICE/Target/usbd_conf.c.obj
 .debug_aranges
                0x000010a8       0x20 CMakeFiles/SARP_SRAD_Flight_Computer.dir/USB_DEVICE/App/usb_device.c.obj
 .debug_aranges
                0x000010c8       0x60 CMakeFiles/SARP_SRAD_Flight_Computer.dir/USB_DEVICE/App/usbd_desc.c.obj
 .debug_aranges
                0x00001128       0x48 CMakeFiles/SARP_SRAD_Flight_Computer.dir/USB_DEVICE/App/usbd_cdc_if.c.obj
 .debug_aranges
                0x00001170       0x30 CMakeFiles/SARP_SRAD_Flight_Computer.dir/Core/Src/main.c.obj
 .debug_aranges
                0x000011a0       0x20 CMakeFiles/SARP_SRAD_Flight_Computer.dir/Core/Src/gpio.c.obj
 .debug_aranges
                0x000011c0       0x38 CMakeFiles/SARP_SRAD_Flight_Computer.dir/Core/Src/spi.c.obj
 .debug_aranges
                0x000011f8       0x38 CMakeFiles/SARP_SRAD_Flight_Computer.dir/Core/Src/tim.c.obj
 .debug_aranges
                0x00001230       0x68 CMakeFiles/SARP_SRAD_Flight_Computer.dir/Core/Src/stm32f4xx_it.c.obj
 .debug_aranges
                0x00001298       0x20 CMakeFiles/SARP_SRAD_Flight_Computer.dir/Core/Src/stm32f4xx_hal_msp.c.obj
 .debug_aranges
                0x000012b8       0x28 CMakeFiles/SARP_SRAD_Flight_Computer.dir/startup_stm32f411xe.s.obj

.debug_rnglists
                0x00000000      0xe5a
 .debug_rnglists
                0x00000000       0x1a cmake/stm32cubemx/CMakeFiles/STM32_Drivers.dir/__/__/Core/Src/system_stm32f4xx.c.obj
 .debug_rnglists
                0x0000001a       0xfa cmake/stm32cubemx/CMakeFiles/STM32_Drivers.dir/__/__/Drivers/STM32F4xx_HAL_Driver/Src/stm32f4xx_hal_pcd.c.obj
 .debug_rnglists
                0x00000114       0x26 cmake/stm32cubemx/CMakeFiles/STM32_Drivers.dir/__/__/Drivers/STM32F4xx_HAL_Driver/Src/stm32f4xx_hal_pcd_ex.c.obj
 .debug_rnglists
                0x0000013a      0x147 cmake/stm32cubemx/CMakeFiles/STM32_Drivers.dir/__/__/Drivers/STM32F4xx_HAL_Driver/Src/stm32f4xx_ll_usb.c.obj
 .debug_rnglists
                0x00000281       0x66 cmake/stm32cubemx/CMakeFiles/STM32_Drivers.dir/__/__/Drivers/STM32F4xx_HAL_Driver/Src/stm32f4xx_hal_rcc.c.obj
 .debug_rnglists
                0x000002e7       0x3f cmake/stm32cubemx/CMakeFiles/STM32_Drivers.dir/__/__/Drivers/STM32F4xx_HAL_Driver/Src/stm32f4xx_hal_gpio.c.obj
 .debug_rnglists
                0x00000326       0xe0 cmake/stm32cubemx/CMakeFiles/STM32_Drivers.dir/__/__/Drivers/STM32F4xx_HAL_Driver/Src/stm32f4xx_hal_cortex.c.obj
 .debug_rnglists
                0x00000406       0xaf cmake/stm32cubemx/CMakeFiles/STM32_Drivers.dir/__/__/Drivers/STM32F4xx_HAL_Driver/Src/stm32f4xx_hal.c.obj
 .debug_rnglists
                0x000004b5      0x16f cmake/stm32cubemx/CMakeFiles/STM32_Drivers.dir/__/__/Drivers/STM32F4xx_HAL_Driver/Src/stm32f4xx_hal_spi.c.obj
 .debug_rnglists
                0x00000624      0x31a cmake/stm32cubemx/CMakeFiles/STM32_Drivers.dir/__/__/Drivers/STM32F4xx_HAL_Driver/Src/stm32f4xx_hal_tim.c.obj
 .debug_rnglists
                0x0000093e      0x125 cmake/stm32cubemx/CMakeFiles/STM32_Drivers.dir/__/__/Drivers/STM32F4xx_HAL_Driver/Src/stm32f4xx_hal_tim_ex.c.obj
 .debug_rnglists
                0x00000a63       0xa1 cmake/stm32cubemx/CMakeFiles/USB_Device_Library.dir/__/__/Middlewares/ST/STM32_USB_Device_Library/Core/Src/usbd_core.c.obj
 .debug_rnglists
                0x00000b04       0x6e cmake/stm32cubemx/CMakeFiles/USB_Device_Library.dir/__/__/Middlewares/ST/STM32_USB_Device_Library/Core/Src/usbd_ctlreq.c.obj
 .debug_rnglists
                0x00000b72       0x37 cmake/stm32cubemx/CMakeFiles/USB_Device_Library.dir/__/__/Middlewares/ST/STM32_USB_Device_Library/Core/Src/usbd_ioreq.c.obj
 .debug_rnglists
                0x00000ba9       0x6c cmake/stm32cubemx/CMakeFiles/USB_Device_Library.dir/__/__/Middlewares/ST/STM32_USB_Device_Library/Class/CDC/Src/usbd_cdc.c.obj
 .debug_rnglists
                0x00000c15       0xc9 CMakeFiles/SARP_SRAD_Flight_Computer.dir/USB_DEVICE/Target/usbd_conf.c.obj
 .debug_rnglists
                0x00000cde       0x13 CMakeFiles/SARP_SRAD_Flight_Computer.dir/USB_DEVICE/App/usb_device.c.obj
 .debug_rnglists
                0x00000cf1       0x43 CMakeFiles/SARP_SRAD_Flight_Computer.dir/USB_DEVICE/App/usbd_desc.c.obj
 .debug_rnglists
                0x00000d34       0x32 CMakeFiles/SARP_SRAD_Flight_Computer.dir/USB_DEVICE/App/usbd_cdc_if.c.obj
 .debug_rnglists
                0x00000d66       0x20 CMakeFiles/SARP_SRAD_Flight_Computer.dir/Core/Src/main.c.obj
 .debug_rnglists
                0x00000d86       0x13 CMakeFiles/SARP_SRAD_Flight_Computer.dir/Core/Src/gpio.c.obj
 .debug_rnglists