/Users/jm/SARP_SRAD_FC/SRAD-Flight-Computer-26-27/App/Sensors/Src/bmi088.c:57:13:spi_select_accel	8	static
/Users/jm/SARP_SRAD_FC/SRAD-Flight-Computer-26-27/App/Sensors/Src/bmi088.c:61:14:convert_accel_data_ms2	16	static
/Users/jm/SARP_SRAD_FC/SRAD-Flight-Computer-26-27/App/Sensors/Src/bmi088.c:65:14:convert_gyro_data_rads	16	static
/Users/jm/SARP_SRAD_FC/SRAD-Flight-Computer-26-27/App/Sensors/Src/bmi088.c:73:20:init_BMI088	16	static
/Users/jm/SARP_SRAD_FC/SRAD-Flight-Computer-26-27/App/Sensors/Src/bmi088.c:78:19:update_BMI088	16	static
